This is XeTeX, Version 3.141592653-2.6-0.999998 (MiKTeX 26.5) (preloaded format=xelatex 2026.8.22)  22 AUG 2026 15:26
entering extended mode
 restricted \write18 enabled.
 file:line:error style messages enabled.
 %&-line parsing enabled.
**c:/Users/e9411/Downloads/OFDM_2025/OFDM_2025/main.tex
(c:/Users/e9411/Downloads/OFDM_2025/OFDM_2025/main.tex
LaTeX2e <2026-06-01>
L3 programming layer <2026-07-20>
(C:\Users\e9411\AppData\Local\Programs\MiKTeX\tex/latex/beamer\beamer.cls
Document Class: beamer 2026/01/22 v3.77 A class for typesetting presentations

(C:\Users\e9411\AppData\Local\Programs\MiKTeX\tex/latex/beamer\beamerbasemodes.
sty
(C:\Users\e9411\AppData\Local\Programs\MiKTeX\tex/latex/etoolbox\etoolbox.sty
Package: etoolbox 2025/10/02 v2.5m e-TeX tools for LaTeX (JAW)
\etb@tempcnta=\count273
)
\beamer@tempbox=\box53
\beamer@tempcount=\count274
\c@beamerpauses=\count275

(C:\Users\e9411\AppData\Local\Programs\MiKTeX\tex/latex/beamer\beamerbasedecode
.sty
\beamer@slideinframe=\count276
\beamer@minimum=\count277
\beamer@decode@box=\box54
)
\beamer@commentbox=\box55
\beamer@modecount=\count278
)
(C:\Users\e9411\AppData\Local\Programs\MiKTeX\tex/generic/iftex\iftex.sty
Package: iftex 2024/12/12 v1.0g TeX engine tests
)
\headdp=\dimen150
\footheight=\dimen151
\sidebarheight=\dimen152
\beamer@tempdim=\dimen153
\beamer@finalheight=\dimen154
\beamer@animht=\dimen155
\beamer@animdp=\dimen156
\beamer@animwd=\dimen157
\beamer@leftmargin=\dimen158
\beamer@rightmargin=\dimen159
\beamer@leftsidebar=\dimen160
\beamer@rightsidebar=\dimen161
\beamer@boxsize=\dimen162
\beamer@vboxoffset=\dimen163
\beamer@descdefault=\dimen164
\beamer@descriptionwidth=\dimen165
\beamer@lastskip=\skip49
\beamer@areabox=\box56
\beamer@animcurrent=\box57
\beamer@animshowbox=\box58
\beamer@sectionbox=\box59
\beamer@logobox=\box60
\beamer@linebox=\box61
\beamer@sectioncount=\count279
\beamer@subsubsectionmax=\count280
\beamer@subsectionmax=\count281
\beamer@sectionmax=\count282
\beamer@totalheads=\count283
\beamer@headcounter=\count284
\beamer@partstartpage=\count285
\beamer@sectionstartpage=\count286
\beamer@subsectionstartpage=\count287
\beamer@animationtempa=\count288
\beamer@animationtempb=\count289
\beamer@xpos=\count290
\beamer@ypos=\count291
\beamer@ypos@offset=\count292
\beamer@showpartnumber=\count293
\beamer@currentsubsection=\count294
\beamer@coveringdepth=\count295
\beamer@sectionadjust=\count296
\beamer@toclastsection=\count297
\beamer@tocsectionnumber=\count298

(C:\Users\e9411\AppData\Local\Programs\MiKTeX\tex/latex/beamer\beamerbaseoption
s.sty
(C:\Users\e9411\AppData\Local\Programs\MiKTeX\tex/latex/graphics\keyval.sty
Package: keyval 2026-05-17 v1.15 key=value parser (DPC)
\KV@toks@=\toks17
))
\beamer@paperwidth=\skip50
\beamer@paperheight=\skip51

(C:\Users\e9411\AppData\Local\Programs\MiKTeX\tex/latex/geometry\geometry.sty
Package: geometry 2026/03/07 v6.0 Page Geometry

(C:\Users\e9411\AppData\Local\Programs\MiKTeX\tex/generic/iftex\ifvtex.sty
Package: ifvtex 2019/10/25 v1.7 ifvtex legacy package. Use iftex instead.
)
\Gm@cnth=\count299
\Gm@cntv=\count300
\c@Gm@tempcnt=\count301
\Gm@bindingoffset=\dimen166
\Gm@wd@mp=\dimen167
\Gm@odd@mp=\dimen168
\Gm@even@mp=\dimen169
\Gm@layoutwidth=\dimen170
\Gm@layoutheight=\dimen171
\Gm@layouthoffset=\dimen172
\Gm@layoutvoffset=\dimen173
\Gm@dimlist=\toks18

(C:\Users\e9411\AppData\Local\Programs\MiKTeX\tex/latex/geometry\geometry.cfg))
(C:\Users\e9411\AppData\Local\Programs\MiKTeX\tex/latex/pgf/math\pgfmath.sty
(C:\Users\e9411\AppData\Local\Programs\MiKTeX\tex/latex/pgf/utilities\pgfrcs.st
y
(C:\Users\e9411\AppData\Local\Programs\MiKTeX\tex/generic/pgf/utilities\pgfutil
-common.tex
\pgfutil@everybye=\toks19
\pgfutil@tempdima=\dimen174
\pgfutil@tempdimb=\dimen175
)
(C:\Users\e9411\AppData\Local\Programs\MiKTeX\tex/generic/pgf/utilities\pgfutil
-latex.def
\pgfutil@abb=\box62
)
(C:\Users\e9411\AppData\Local\Programs\MiKTeX\tex/generic/pgf/utilities\pgfrcs.
code.tex
(C:\Users\e9411\AppData\Local\Programs\MiKTeX\tex/generic/pgf\pgf.revision.tex)
Package: pgfrcs 2026-08-01 v3.1.12 (3.1.12)
))
(C:\Users\e9411\AppData\Local\Programs\MiKTeX\tex/latex/pgf/utilities\pgfkeys.s
ty
(C:\Users\e9411\AppData\Local\Programs\MiKTeX\tex/generic/pgf/utilities\pgfkeys
.code.tex
\pgfkeys@pathtoks=\toks20
\pgfkeys@temptoks=\toks21

(C:\Users\e9411\AppData\Local\Programs\MiKTeX\tex/generic/pgf/utilities\pgfkeys
libraryfiltered.code.tex
\pgfkeys@tmptoks=\toks22
)))
(C:\Users\e9411\AppData\Local\Programs\MiKTeX\tex/generic/pgf/math\pgfmath.code
.tex
(C:\Users\e9411\AppData\Local\Programs\MiKTeX\tex/generic/pgf/math\pgfmathutil.
code.tex
\pgf@x=\dimen176
\pgf@xa=\dimen177
\pgf@xb=\dimen178
\pgf@xc=\dimen179
\pgf@y=\dimen180
\pgf@ya=\dimen181
\pgf@yb=\dimen182
\pgf@yc=\dimen183
\c@pgf@counta=\count302
\c@pgf@countb=\count303
\c@pgf@countc=\count304
\c@pgf@countd=\count305
)
(C:\Users\e9411\AppData\Local\Programs\MiKTeX\tex/generic/pgf/math\pgfmathparse
r.code.tex
\pgfmath@dimen=\dimen184
\pgfmath@count=\count306
\pgfmath@box=\box63
\pgfmath@toks=\toks23
\pgfmath@stack@operand=\toks24
\pgfmath@stack@operation=\toks25
)
(C:\Users\e9411\AppData\Local\Programs\MiKTeX\tex/generic/pgf/math\pgfmathfunct
ions.code.tex)
(C:\Users\e9411\AppData\Local\Programs\MiKTeX\tex/generic/pgf/math\pgfmathfunct
ions.basic.code.tex)
(C:\Users\e9411\AppData\Local\Programs\MiKTeX\tex/generic/pgf/math\pgfmathfunct
ions.trigonometric.code.tex)
(C:\Users\e9411\AppData\Local\Programs\MiKTeX\tex/generic/pgf/math\pgfmathfunct
ions.random.code.tex)
(C:\Users\e9411\AppData\Local\Programs\MiKTeX\tex/generic/pgf/math\pgfmathfunct
ions.comparison.code.tex)
(C:\Users\e9411\AppData\Local\Programs\MiKTeX\tex/generic/pgf/math\pgfmathfunct
ions.base.code.tex)
(C:\Users\e9411\AppData\Local\Programs\MiKTeX\tex/generic/pgf/math\pgfmathfunct
ions.round.code.tex)
(C:\Users\e9411\AppData\Local\Programs\MiKTeX\tex/generic/pgf/math\pgfmathfunct
ions.misc.code.tex)
(C:\Users\e9411\AppData\Local\Programs\MiKTeX\tex/generic/pgf/math\pgfmathfunct
ions.integerarithmetics.code.tex)
(C:\Users\e9411\AppData\Local\Programs\MiKTeX\tex/generic/pgf/math\pgfmathcalc.
code.tex)
(C:\Users\e9411\AppData\Local\Programs\MiKTeX\tex/generic/pgf/math\pgfmathfloat
.code.tex
\c@pgfmathroundto@lastzeros=\count307
)))
(C:\Users\e9411\AppData\Local\Programs\MiKTeX\tex/latex/base\size11.clo
File: size11.clo 2025/01/22 v1.4n Standard LaTeX file (size option)
)
(C:\Users\e9411\AppData\Local\Programs\MiKTeX\tex/latex/pgf/basiclayer\pgfcore.
sty
(C:\Users\e9411\AppData\Local\Programs\MiKTeX\tex/latex/graphics\graphicx.sty
Package: graphicx 2026-05-17 v1.2e Enhanced LaTeX Graphics (DPC,SPQR)

(C:\Users\e9411\AppData\Local\Programs\MiKTeX\tex/latex/graphics\graphics.sty
Package: graphics 2026-05-17 v1.4h Standard LaTeX Graphics (DPC,SPQR)

(C:\Users\e9411\AppData\Local\Programs\MiKTeX\tex/latex/graphics\trig.sty
Package: trig 2023/12/02 v1.11 sin cos tan (DPC)
)
(C:\Users\e9411\AppData\Local\Programs\MiKTeX\tex/latex/graphics-cfg\graphics.c
fg
File: graphics.cfg 2016/06/04 v1.11 sample graphics configuration
)
Package graphics Info: Driver file: xetex.def on input line 106.

(C:\Users\e9411\AppData\Local\Programs\MiKTeX\tex/latex/graphics-def\xetex.def
File: xetex.def 2025/11/01 v5.0p Graphics/color driver for xetex
))
\Gin@req@height=\dimen185
\Gin@req@width=\dimen186
)
(C:\Users\e9411\AppData\Local\Programs\MiKTeX\tex/latex/pgf/systemlayer\pgfsys.
sty
(C:\Users\e9411\AppData\Local\Programs\MiKTeX\tex/generic/pgf/systemlayer\pgfsy
s.code.tex
Package: pgfsys 2026-08-01 v3.1.12 (3.1.12)
\pgf@x=\dimen187
\pgf@y=\dimen188
\pgf@xa=\dimen189
\pgf@ya=\dimen190
\pgf@xb=\dimen191
\pgf@yb=\dimen192
\pgf@xc=\dimen193
\pgf@yc=\dimen194
\pgf@xd=\dimen195
\pgf@yd=\dimen196
\w@pgf@writea=\write3
\r@pgf@reada=\read2
\c@pgf@counta=\count308
\c@pgf@countb=\count309
\c@pgf@countc=\count310
\c@pgf@countd=\count311
\t@pgf@toka=\toks26
\t@pgf@tokb=\toks27
\t@pgf@tokc=\toks28
\pgf@sys@id@count=\count312

(C:\Users\e9411\AppData\Local\Programs\MiKTeX\tex/generic/pgf/systemlayer\pgf.c
fg
File: pgf.cfg 2026-08-01 v3.1.12 (3.1.12)
)
Driver file for pgf: pgfsys-xetex.def

(C:\Users\e9411\AppData\Local\Programs\MiKTeX\tex/generic/pgf/systemlayer\pgfsy
s-xetex.def
File: pgfsys-xetex.def 2026-08-01 v3.1.12 (3.1.12)

(C:\Users\e9411\AppData\Local\Programs\MiKTeX\tex/generic/pgf/systemlayer\pgfsy
s-dvipdfmx.def
File: pgfsys-dvipdfmx.def 2026-08-01 v3.1.12 (3.1.12)

(C:\Users\e9411\AppData\Local\Programs\MiKTeX\tex/generic/pgf/systemlayer\pgfsy
s-common-pdf.def
File: pgfsys-common-pdf.def 2026-08-01 v3.1.12 (3.1.12)
)
\pgfsys@objnum=\count313
)))
(C:\Users\e9411\AppData\Local\Programs\MiKTeX\tex/generic/pgf/systemlayer\pgfsy
ssoftpath.code.tex
File: pgfsyssoftpath.code.tex 2026-08-01 v3.1.12 (3.1.12)
\pgfsyssoftpath@smallbuffer@items=\count314
\pgfsyssoftpath@bigbuffer@items=\count315
)
(C:\Users\e9411\AppData\Local\Programs\MiKTeX\tex/generic/pgf/systemlayer\pgfsy
sprotocol.code.tex
File: pgfsysprotocol.code.tex 2026-08-01 v3.1.12 (3.1.12)
))
(C:\Users\e9411\AppData\Local\Programs\MiKTeX\tex/latex/xcolor\xcolor.sty
Package: xcolor 2024/09/29 v3.02 LaTeX color extensions (UK)

(C:\Users\e9411\AppData\Local\Programs\MiKTeX\tex/latex/graphics-cfg\color.cfg
File: color.cfg 2016/01/02 v1.6 sample color configuration
)
Package xcolor Info: Driver file: xetex.def on input line 274.
(C:\Users\e9411\AppData\Local\Programs\MiKTeX\tex/latex/graphics\mathcolor.ltx)
Package xcolor Info: Model `cmy' substituted by `cmy0' on input line 1349.
Package xcolor Info: Model `RGB' extended on input line 1365.
Package xcolor Info: Model `HTML' substituted by `rgb' on input line 1367.
Package xcolor Info: Model `Hsb' substituted by `hsb' on input line 1368.
Package xcolor Info: Model `tHsb' substituted by `hsb' on input line 1369.
Package xcolor Info: Model `HSB' substituted by `hsb' on input line 1370.
Package xcolor Info: Model `Gray' substituted by `gray' on input line 1371.
Package xcolor Info: Model `wave' substituted by `hsb' on input line 1372.
) (C:\Users\e9411\AppData\Local\Programs\MiKTeX\tex/latex/graphics\dvipsnam.def
File: dvipsnam.def 2026-05-17 v3.0m Driver-dependent file (DPC,SPQR)
)
(C:\Users\e9411\AppData\Local\Programs\MiKTeX\tex/generic/pgf/basiclayer\pgfcor
e.code.tex
Package: pgfcore 2026-08-01 v3.1.12 (3.1.12)

(C:\Users\e9411\AppData\Local\Programs\MiKTeX\tex/generic/pgf/math\pgfint.code.
tex)
(C:\Users\e9411\AppData\Local\Programs\MiKTeX\tex/generic/pgf/basiclayer\pgfcor
epoints.code.tex
File: pgfcorepoints.code.tex 2026-08-01 v3.1.12 (3.1.12)
\pgf@picminx=\dimen197
\pgf@picmaxx=\dimen198
\pgf@picminy=\dimen199
\pgf@picmaxy=\dimen256
\pgf@pathminx=\dimen257
\pgf@pathmaxx=\dimen258
\pgf@pathminy=\dimen259
\pgf@pathmaxy=\dimen260
\pgf@xx=\dimen261
\pgf@xy=\dimen262
\pgf@yx=\dimen263
\pgf@yy=\dimen264
\pgf@zx=\dimen265
\pgf@zy=\dimen266
)
(C:\Users\e9411\AppData\Local\Programs\MiKTeX\tex/generic/pgf/basiclayer\pgfcor
epathconstruct.code.tex
File: pgfcorepathconstruct.code.tex 2026-08-01 v3.1.12 (3.1.12)
\pgf@path@lastx=\dimen267
\pgf@path@lasty=\dimen268
)
(C:\Users\e9411\AppData\Local\Programs\MiKTeX\tex/generic/pgf/basiclayer\pgfcor
epathusage.code.tex
File: pgfcorepathusage.code.tex 2026-08-01 v3.1.12 (3.1.12)
\pgf@shorten@end@additional=\dimen269
\pgf@shorten@start@additional=\dimen270
)
(C:\Users\e9411\AppData\Local\Programs\MiKTeX\tex/generic/pgf/basiclayer\pgfcor
escopes.code.tex
File: pgfcorescopes.code.tex 2026-08-01 v3.1.12 (3.1.12)
\pgfpic=\box64
\pgf@hbox=\box65
\pgf@layerbox@main=\box66
\pgf@picture@serial@count=\count316
)
(C:\Users\e9411\AppData\Local\Programs\MiKTeX\tex/generic/pgf/basiclayer\pgfcor
egraphicstate.code.tex
File: pgfcoregraphicstate.code.tex 2026-08-01 v3.1.12 (3.1.12)
\pgflinewidth=\dimen271
)
(C:\Users\e9411\AppData\Local\Programs\MiKTeX\tex/generic/pgf/basiclayer\pgfcor
etransformations.code.tex
File: pgfcoretransformations.code.tex 2026-08-01 v3.1.12 (3.1.12)
\pgf@pt@x=\dimen272
\pgf@pt@y=\dimen273
\pgf@pt@temp=\dimen274
)
(C:\Users\e9411\AppData\Local\Programs\MiKTeX\tex/generic/pgf/basiclayer\pgfcor
equick.code.tex
File: pgfcorequick.code.tex 2026-08-01 v3.1.12 (3.1.12)
)
(C:\Users\e9411\AppData\Local\Programs\MiKTeX\tex/generic/pgf/basiclayer\pgfcor
eobjects.code.tex
File: pgfcoreobjects.code.tex 2026-08-01 v3.1.12 (3.1.12)
)
(C:\Users\e9411\AppData\Local\Programs\MiKTeX\tex/generic/pgf/basiclayer\pgfcor
epathprocessing.code.tex
File: pgfcorepathprocessing.code.tex 2026-08-01 v3.1.12 (3.1.12)
)
(C:\Users\e9411\AppData\Local\Programs\MiKTeX\tex/generic/pgf/basiclayer\pgfcor
earrows.code.tex
File: pgfcorearrows.code.tex 2026-08-01 v3.1.12 (3.1.12)
\pgfarrowsep=\dimen275
)
(C:\Users\e9411\AppData\Local\Programs\MiKTeX\tex/generic/pgf/basiclayer\pgfcor
eshade.code.tex
File: pgfcoreshade.code.tex 2026-08-01 v3.1.12 (3.1.12)
\pgf@max=\dimen276
\pgf@sys@shading@range@num=\count317
\pgf@shadingcount=\count318
)
(C:\Users\e9411\AppData\Local\Programs\MiKTeX\tex/generic/pgf/basiclayer\pgfcor
eimage.code.tex
File: pgfcoreimage.code.tex 2026-08-01 v3.1.12 (3.1.12)
)
(C:\Users\e9411\AppData\Local\Programs\MiKTeX\tex/generic/pgf/basiclayer\pgfcor
eexternal.code.tex
File: pgfcoreexternal.code.tex 2026-08-01 v3.1.12 (3.1.12)
\pgfexternal@startupbox=\box67
)
(C:\Users\e9411\AppData\Local\Programs\MiKTeX\tex/generic/pgf/basiclayer\pgfcor
elayers.code.tex
File: pgfcorelayers.code.tex 2026-08-01 v3.1.12 (3.1.12)
)
(C:\Users\e9411\AppData\Local\Programs\MiKTeX\tex/generic/pgf/basiclayer\pgfcor
etransparency.code.tex
File: pgfcoretransparency.code.tex 2026-08-01 v3.1.12 (3.1.12)
)
(C:\Users\e9411\AppData\Local\Programs\MiKTeX\tex/generic/pgf/basiclayer\pgfcor
epatterns.code.tex
File: pgfcorepatterns.code.tex 2026-08-01 v3.1.12 (3.1.12)
)
(C:\Users\e9411\AppData\Local\Programs\MiKTeX\tex/generic/pgf/basiclayer\pgfcor
erdf.code.tex
File: pgfcorerdf.code.tex 2026-08-01 v3.1.12 (3.1.12)
)))
(C:\Users\e9411\AppData\Local\Programs\MiKTeX\tex/latex/pgf/utilities\xxcolor.s
ty
Package: xxcolor 2003/10/24 ver 0.1
\XC@nummixins=\count319
\XC@countmixins=\count320
)
(C:\Users\e9411\AppData\Local\Programs\MiKTeX\tex/latex/base\atbegshi-ltx.sty
Package: atbegshi-ltx 2021/01/10 v1.0c Emulation of the original atbegshi
package with kernel methods
)
(C:\Users\e9411\AppData\Local\Programs\MiKTeX\tex/latex/hyperref\hyperref.sty
Package: hyperref 2026-06-17 v7.01r Hypertext links for LaTeX

(C:\Users\e9411\AppData\Local\Programs\MiKTeX\tex/latex/kvsetkeys\kvsetkeys.sty
Package: kvsetkeys 2022-10-05 v1.19 Key value parser (HO)
)
(C:\Users\e9411\AppData\Local\Programs\MiKTeX\tex/generic/kvdefinekeys\kvdefine
keys.sty
Package: kvdefinekeys 2019-12-19 v1.6 Define keys (HO)
)
(C:\Users\e9411\AppData\Local\Programs\MiKTeX\tex/generic/pdfescape\pdfescape.s
ty
Package: pdfescape 2019/12/09 v1.15 Implements pdfTeX's escape features (HO)

(C:\Users\e9411\AppData\Local\Programs\MiKTeX\tex/generic/ltxcmds\ltxcmds.sty
Package: ltxcmds 2023-12-04 v1.26 LaTeX kernel commands for general use (HO)
)
(C:\Users\e9411\AppData\Local\Programs\MiKTeX\tex/generic/pdftexcmds\pdftexcmds
.sty
Package: pdftexcmds 2020-06-27 v0.33 Utility functions of pdfTeX for LuaTeX (HO
)

(C:\Users\e9411\AppData\Local\Programs\MiKTeX\tex/generic/infwarerr\infwarerr.s
ty
Package: infwarerr 2019/12/03 v1.5 Providing info/warning/error messages (HO)
)
Package pdftexcmds Info: \pdf@primitive is available.
Package pdftexcmds Info: \pdf@ifprimitive is available.
Package pdftexcmds Info: \pdfdraftmode not found.
))
(C:\Users\e9411\AppData\Local\Programs\MiKTeX\tex/latex/hycolor\hycolor.sty
Package: hycolor 2020-01-27 v1.10 Color options for hyperref/bookmark (HO)
)
(C:\Users\e9411\AppData\Local\Programs\MiKTeX\tex/latex/hyperref\nameref.sty
Package: nameref 2026-01-29 v2.58 Cross-referencing by name of section

(C:\Users\e9411\AppData\Local\Programs\MiKTeX\tex/latex/refcount\refcount.sty
Package: refcount 2019/12/15 v3.6 Data extraction from label references (HO)
)
(C:\Users\e9411\AppData\Local\Programs\MiKTeX\tex/generic/gettitlestring\gettit
lestring.sty
Package: gettitlestring 2019/12/15 v1.6 Cleanup title references (HO)

(C:\Users\e9411\AppData\Local\Programs\MiKTeX\tex/latex/kvoptions\kvoptions.sty
Package: kvoptions 2022-06-15 v3.15 Key value format for package options (HO)
))
\c@section@level=\count321
)
(C:\Users\e9411\AppData\Local\Programs\MiKTeX\tex/generic/stringenc\stringenc.s
ty
Package: stringenc 2019/11/29 v1.12 Convert strings between diff. encodings (HO
)
)
\@linkdim=\dimen277
\Hy@linkcounter=\count322
\Hy@pagecounter=\count323
 (C:\Users\e9411\AppData\Local\Programs\MiKTeX\tex/latex/hyperref\pd1enc.def
File: pd1enc.def 2026-06-17 v7.01r Hyperref: PDFDocEncoding definition (HO)
) (C:\Users\e9411\AppData\Local\Programs\MiKTeX\tex/generic/intcalc\intcalc.sty
Package: intcalc 2019/12/15 v1.3 Expandable calculations with integers (HO)
)
\Hy@SavedSpaceFactor=\count324
 (C:\Users\e9411\AppData\Local\Programs\MiKTeX\tex/latex/hyperref\puenc.def
File: puenc.def 2026-06-17 v7.01r Hyperref: PDF Unicode definition (HO)
)
Package hyperref Info: Option `bookmarks' set `true' on input line 4070.
Package hyperref Info: Option `bookmarksopen' set `true' on input line 4070.
Package hyperref Info: Option `implicit' set `false' on input line 4070.
Package hyperref Info: Hyper figures OFF on input line 4199.
Package hyperref Info: Link nesting OFF on input line 4204.
Package hyperref Info: Hyper index ON on input line 4207.
Package hyperref Info: Plain pages OFF on input line 4214.
Package hyperref Info: Backreferencing OFF on input line 4219.
Package hyperref Info: Implicit mode OFF; no redefinition of LaTeX internals.
Package hyperref Info: Bookmarks ON on input line 4466.
\c@Hy@tempcnt=\count325

(C:\Users\e9411\AppData\Local\Programs\MiKTeX\tex/latex/url\url.sty
\Urlmuskip=\muskip17
Package: url 2013/09/16  ver 3.4  Verb mode for urls, etc.
)
LaTeX Info: Redefining \url on input line 4805.
\XeTeXLinkMargin=\dimen278

(C:\Users\e9411\AppData\Local\Programs\MiKTeX\tex/generic/bitset\bitset.sty
Package: bitset 2019/12/09 v1.3 Handle bit-vector datatype (HO)

(C:\Users\e9411\AppData\Local\Programs\MiKTeX\tex/generic/bigintcalc\bigintcalc
.sty
Package: bigintcalc 2019/12/15 v1.5 Expandable calculations on big integers (HO
)
))
\Fld@menulength=\count326
\Field@Width=\dimen279
\Fld@charsize=\dimen280
Package hyperref Info: Hyper figures OFF on input line 6091.
Package hyperref Info: Link nesting OFF on input line 6096.
Package hyperref Info: Hyper index ON on input line 6099.
Package hyperref Info: backreferencing OFF on input line 6106.
Package hyperref Info: Link coloring OFF on input line 6111.
Package hyperref Info: Link coloring with OCG OFF on input line 6116.
Package hyperref Info: PDF/A mode OFF on input line 6121.
\Hy@abspage=\count327


Package hyperref Message: Stopped early.

)
Package hyperref Info: Driver (autodetected): hxetex.
 (C:\Users\e9411\AppData\Local\Programs\MiKTeX\tex/latex/hyperref\hxetex.def
File: hxetex.def 2026-06-17 v7.01r Hyperref driver for XeTeX
\pdfm@box=\box68
\c@Hy@AnnotLevel=\count328
\HyField@AnnotCount=\count329
\Fld@listcount=\count330
\c@bookmark@seq@number=\count331

(C:\Users\e9411\AppData\Local\Programs\MiKTeX\tex/latex/rerunfilecheck\rerunfil
echeck.sty
Package: rerunfilecheck 2025-06-21 v1.11 Rerun checks for auxiliary files (HO)

(C:\Users\e9411\AppData\Local\Programs\MiKTeX\tex/generic/uniquecounter\uniquec
ounter.sty
Package: uniquecounter 2019/12/15 v1.4 Provide unlimited unique counter (HO)
)
Package uniquecounter Info: New unique counter `rerunfilecheck' on input line 2
84.
))
(C:\Users\e9411\AppData\Local\Programs\MiKTeX\tex/latex/beamer\beamerbaserequir
es.sty
(C:\Users\e9411\AppData\Local\Programs\MiKTeX\tex/latex/beamer\beamerbasecompat
ibility.sty)
(C:\Users\e9411\AppData\Local\Programs\MiKTeX\tex/latex/beamer\beamerbasefont.s
ty (C:\Users\e9411\AppData\Local\Programs\MiKTeX\tex/latex/amsfonts\amssymb.sty
Package: amssymb 2013/01/14 v3.01 AMS font symbols
(C:\Users\e9411\AppData\Local\Programs\MiKTeX\tex/latex/amsfonts\amsfonts.sty
Package: amsfonts 2013/01/14 v3.01 Basic AMSFonts support
\@emptytoks=\toks29
\symAMSa=\mathgroup4
\symAMSb=\mathgroup5
LaTeX Font Info:    Redeclaring math symbol \hbar on input line 98.
LaTeX Font Info:    Overwriting math alphabet `\mathfrak' in version `bold'
(Font)                  U/euf/m/n --> U/euf/b/n on input line 106.
))
(C:\Users\e9411\AppData\Local\Programs\MiKTeX\tex/latex/sansmathaccent\sansmath
accent.sty
Package: sansmathaccent 2020/01/31

(C:\Users\e9411\AppData\Local\Programs\MiKTeX\tex/latex/koma-script\scrlfile.st
y
Package: scrlfile 2026/02/02 v3.49.2 KOMA-Script package (file load hooks)

(C:\Users\e9411\AppData\Local\Programs\MiKTeX\tex/latex/koma-script\scrlfile-ho
ok.sty
Package: scrlfile-hook 2026/02/02 v3.49.2 KOMA-Script package (using LaTeX hook
s)

(C:\Users\e9411\AppData\Local\Programs\MiKTeX\tex/latex/koma-script\scrlogo.sty
Package: scrlogo 2026/02/02 v3.49.2 KOMA-Script package (logo)
)))))
(C:\Users\e9411\AppData\Local\Programs\MiKTeX\tex/latex/beamer\beamerbasetransl
ator.sty
(C:\Users\e9411\AppData\Local\Programs\MiKTeX\tex/latex/translator\translator.s
ty
Package: translator 2021-05-31 v1.12d Easy translation of strings in LaTeX
))
(C:\Users\e9411\AppData\Local\Programs\MiKTeX\tex/latex/beamer\beamerbasemisc.s
ty)
(C:\Users\e9411\AppData\Local\Programs\MiKTeX\tex/latex/beamer\beamerbasetwoscr
eens.sty)
(C:\Users\e9411\AppData\Local\Programs\MiKTeX\tex/latex/beamer\beamerbaseoverla
y.sty
\beamer@argscount=\count332
\beamer@lastskipcover=\skip52
\beamer@trivlistdepth=\count333
)
(C:\Users\e9411\AppData\Local\Programs\MiKTeX\tex/latex/beamer\beamerbasetitle.
sty)
(C:\Users\e9411\AppData\Local\Programs\MiKTeX\tex/latex/beamer\beamerbasesectio
n.sty
\c@lecture=\count334
\c@part=\count335
\c@section=\count336
\c@subsection=\count337
\c@subsubsection=\count338
)
(C:\Users\e9411\AppData\Local\Programs\MiKTeX\tex/latex/beamer\beamerbaseframe.
sty
\beamer@framebox=\box69
\beamer@frametitlebox=\box70
\beamer@zoombox=\box71
\beamer@zoomcount=\count339
\beamer@zoomframecount=\count340
\beamer@frametextheight=\dimen281
\c@subsectionslide=\count341
\beamer@frametopskip=\skip53
\beamer@framebottomskip=\skip54
\beamer@frametopskipautobreak=\skip55
\beamer@framebottomskipautobreak=\skip56
\beamer@envbody=\toks30
\framewidth=\dimen282
\c@framenumber=\count342
)
(C:\Users\e9411\AppData\Local\Programs\MiKTeX\tex/latex/beamer\beamerbaseverbat
im.sty
\beamer@verbatimfileout=\write4
)
(C:\Users\e9411\AppData\Local\Programs\MiKTeX\tex/latex/beamer\beamerbaseframes
ize.sty
\beamer@splitbox=\box72
\beamer@autobreakcount=\count343
\beamer@autobreaklastheight=\dimen283
\beamer@frametitletoks=\toks31
\beamer@framesubtitletoks=\toks32
)
(C:\Users\e9411\AppData\Local\Programs\MiKTeX\tex/latex/beamer\beamerbaseframec
omponents.sty
\beamer@colheight=\skip57
\beamer@footins=\box73
)
(C:\Users\e9411\AppData\Local\Programs\MiKTeX\tex/latex/beamer\beamerbasecolor.
sty)
(C:\Users\e9411\AppData\Local\Programs\MiKTeX\tex/latex/beamer\beamerbasenotes.
sty
\beamer@frameboxcopy=\box74
)
(C:\Users\e9411\AppData\Local\Programs\MiKTeX\tex/latex/beamer\beamerbasetoc.st
y)
(C:\Users\e9411\AppData\Local\Programs\MiKTeX\tex/latex/beamer\beamerbasetempla
tes.sty
\beamer@sbttoks=\toks33

(C:\Users\e9411\AppData\Local\Programs\MiKTeX\tex/latex/beamer\beamerbaseauxtem
plates.sty
(C:\Users\e9411\AppData\Local\Programs\MiKTeX\tex/latex/beamer\beamerbaseboxes.
sty
\bmb@box=\box75
\bmb@colorbox=\box76
\bmb@boxwidth=\dimen284
\bmb@boxheight=\dimen285
\bmb@prevheight=\dimen286
\bmb@temp=\dimen287
\bmb@dima=\dimen288
\bmb@dimb=\dimen289
\bmb@prevheight=\dimen290
)
\beamer@blockheadheight=\dimen291
))
(C:\Users\e9411\AppData\Local\Programs\MiKTeX\tex/latex/beamer\beamerbaselocals
tructure.sty
(C:\Users\e9411\AppData\Local\Programs\MiKTeX\tex/latex/tools\enumerate.sty
Package: enumerate 2023/07/04 v3.00 enumerate extensions (DPC)
\@enLab=\toks34
)
\beamer@bibiconwidth=\skip58
\c@figure=\count344
\c@table=\count345
\abovecaptionskip=\skip59
\belowcaptionskip=\skip60
)
(C:\Users\e9411\AppData\Local\Programs\MiKTeX\tex/latex/beamer\beamerbasenaviga
tion.sty
(C:\Users\e9411\AppData\Local\Programs\MiKTeX\tex/latex/beamer\beamerbasenaviga
tionsymbols.tex)
\beamer@section@min@dim=\dimen292
)
(C:\Users\e9411\AppData\Local\Programs\MiKTeX\tex/latex/beamer\beamerbasetheore
ms.sty
(C:\Users\e9411\AppData\Local\Programs\MiKTeX\tex/latex/amsmath\amsmath.sty
Package: amsmath 2026/05/19 v2.18d AMS math features
\@mathmargin=\skip61

For additional information on amsmath, use the `?' option.
(C:\Users\e9411\AppData\Local\Programs\MiKTeX\tex/latex/amsmath\amstext.sty
Package: amstext 2024/11/17 v2.01 AMS text

(C:\Users\e9411\AppData\Local\Programs\MiKTeX\tex/latex/amsmath\amsgen.sty
File: amsgen.sty 1999/11/30 v2.0 generic functions
\@emptytoks=\toks35
\ex@=\dimen293
))
(C:\Users\e9411\AppData\Local\Programs\MiKTeX\tex/latex/amsmath\amsbsy.sty
Package: amsbsy 1999/11/29 v1.2d Bold Symbols
\pmbraise@=\dimen294
)
(C:\Users\e9411\AppData\Local\Programs\MiKTeX\tex/latex/amsmath\amsopn.sty
Package: amsopn 2022/04/08 v2.04 operator names
)
\inf@bad=\count346
LaTeX Info: Redefining \frac on input line 233.
\uproot@=\count347
\leftroot@=\count348
LaTeX Info: Redefining \overline on input line 398.
LaTeX Info: Redefining \colon on input line 409.
\classnum@=\count349
\DOTSCASE@=\count350
LaTeX Info: Redefining \ldots on input line 495.
LaTeX Info: Redefining \dots on input line 498.
LaTeX Info: Redefining \cdots on input line 619.
\Mathstrutbox@=\box77
\strutbox@=\box78
LaTeX Info: Redefining \big on input line 721.
LaTeX Info: Redefining \Big on input line 722.
LaTeX Info: Redefining \bigg on input line 723.
LaTeX Info: Redefining \Bigg on input line 724.
\big@size=\dimen295
LaTeX Font Info:    Redeclaring font encoding OML on input line 742.
LaTeX Font Info:    Redeclaring font encoding OMS on input line 743.
\macc@depth=\count351
LaTeX Info: Redefining \bmod on input line 904.
LaTeX Info: Redefining \pmod on input line 909.
LaTeX Info: Redefining \smash on input line 939.
LaTeX Info: Redefining \relbar on input line 969.
LaTeX Info: Redefining \Relbar on input line 970.
\c@MaxMatrixCols=\count352
\dotsspace@=\muskip18
\c@parentequation=\count353
\dspbrk@lvl=\count354
\tag@help=\toks36
\row@=\count355
\column@=\count356
\maxfields@=\count357
\andhelp@=\toks37
\eqnshift@=\dimen296
\alignsep@=\dimen297
\tagshift@=\dimen298
\tagwidth@=\dimen299
\totwidth@=\dimen300
\lineht@=\dimen301
\@envbody=\toks38
\multlinegap=\skip62
\multlinetaggap=\skip63
\mathdisplay@stack=\toks39
LaTeX Info: Redefining \[ on input line 2965.
LaTeX Info: Redefining \] on input line 2966.
)
(C:\Users\e9411\AppData\Local\Programs\MiKTeX\tex/latex/amscls\amsthm.sty
Package: amsthm 2020/05/29 v2.20.6
\thm@style=\toks40
\thm@bodyfont=\toks41
\thm@headfont=\toks42
\thm@notefont=\toks43
\thm@headpunct=\toks44
\thm@preskip=\skip64
\thm@postskip=\skip65
\thm@headsep=\skip66
\dth@everypar=\toks45
)
\c@theorem=\count358
)
(C:\Users\e9411\AppData\Local\Programs\MiKTeX\tex/latex/beamer\beamerbasethemes
.sty))
(C:\Users\e9411\AppData\Local\Programs\MiKTeX\tex/latex/beamer\beamerthemedefau
lt.sty
(C:\Users\e9411\AppData\Local\Programs\MiKTeX\tex/latex/beamer\beamerfontthemed
efault.sty)
(C:\Users\e9411\AppData\Local\Programs\MiKTeX\tex/latex/beamer\beamercolortheme
default.sty)
(C:\Users\e9411\AppData\Local\Programs\MiKTeX\tex/latex/beamer\beamerinnertheme
default.sty
\beamer@dima=\dimen302
\beamer@dimb=\dimen303
)
(C:\Users\e9411\AppData\Local\Programs\MiKTeX\tex/latex/beamer\beameroutertheme
default.sty)))
(C:\Users\e9411\AppData\Local\Programs\MiKTeX\tex/latex/beamer\beamerthemeCambr
idgeUS.sty
(C:\Users\e9411\AppData\Local\Programs\MiKTeX\tex/latex/beamer\beamerinnertheme
rounded.sty)
(C:\Users\e9411\AppData\Local\Programs\MiKTeX\tex/latex/beamer\beameroutertheme
infolines.sty)
(C:\Users\e9411\AppData\Local\Programs\MiKTeX\tex/latex/beamer\beamercolortheme
beaver.sty))
(C:\Users\e9411\AppData\Local\Programs\MiKTeX\tex/latex/beamer\beamercolortheme
structure.sty)
(C:\Users\e9411\AppData\Local\Programs\MiKTeX\tex/latex/beamer\beamerfontthemep
rofessionalfonts.sty)
(C:\Users\e9411\AppData\Local\Programs\MiKTeX\tex/latex/graphics\epsfig.sty
Package: epsfig 2024/01/14 v1.7b (e)psfig emulation (SPQR)
\epsfxsize=\dimen304
\epsfysize=\dimen305
)
(C:\Users\e9411\AppData\Local\Programs\MiKTeX\tex/latex/fancyhdr\fancyhdr.sty
Package: fancyhdr 2025/02/07 v5.2 Extensive control of page headers and footers

\f@nch@headwidth=\skip67
\f@nch@offset@elh=\skip68
\f@nch@offset@erh=\skip69
\f@nch@offset@olh=\skip70
\f@nch@offset@orh=\skip71
\f@nch@offset@elf=\skip72
\f@nch@offset@erf=\skip73
\f@nch@offset@olf=\skip74
\f@nch@offset@orf=\skip75
\f@nch@height=\skip76
\f@nch@footalignment=\skip77
\f@nch@widthL=\skip78
\f@nch@widthC=\skip79
\f@nch@widthR=\skip80
\@temptokenb=\toks46
)
(C:\Users\e9411\AppData\Local\Programs\MiKTeX\tex/xelatex/xecjk\xeCJK.sty
(C:\Users\e9411\AppData\Local\Programs\MiKTeX\tex/latex/l3kernel\expl3.sty
Package: expl3 2026-07-20 L3 programming layer (loader) 

(C:\Users\e9411\AppData\Local\Programs\MiKTeX\tex/latex/l3backend\l3backend-xet
ex.def
File: l3backend-xetex.def 2026-07-20 L3 backend support: XeTeX
\g__graphics_track_int=\count359
\g__pdfannot_backend_int=\count360
\g__pdfannot_backend_link_int=\count361
))
Package: xeCJK 2026/08/07 v3.10.5 Typesetting CJK scripts with XeLaTeX

(C:\Users\e9411\AppData\Local\Programs\MiKTeX\tex/latex/ctex\ctexhook.sty
Package: ctexhook 2026/07/13 v2.6.4 Document and package hooks (CTEX)
)
(C:\Users\e9411\AppData\Local\Programs\MiKTeX\tex/latex/ctex\ctexpatch.sty
Package: ctexpatch 2026/07/13 v2.6.4 Patching commands (CTEX)
)
(C:\Users\e9411\AppData\Local\Programs\MiKTeX\tex/latex/l3packages/xtemplate\xt
emplate.sty
Package: xtemplate 2025-10-09 L3 Experimental prototype document functions
)
\l__xeCJK_tmp_int=\count362
\l__xeCJK_tmp_box=\box79
\l__xeCJK_tmp_dim=\dimen306
\l__xeCJK_tmp_skip=\skip81
\g__xeCJK_space_factor_int=\count363
\l__xeCJK_begin_int=\count364
\l__xeCJK_end_int=\count365
\c__xeCJK_CJK_class_int=\XeTeXcharclass1
\c__xeCJK_FullLeft_class_int=\XeTeXcharclass2
\c__xeCJK_FullRight_class_int=\XeTeXcharclass3
\c__xeCJK_HalfLeft_class_int=\XeTeXcharclass4
\c__xeCJK_HalfRight_class_int=\XeTeXcharclass5
\c__xeCJK_NormalSpace_class_int=\XeTeXcharclass6
\c__xeCJK_CM_class_int=\XeTeXcharclass7
\c__xeCJK_HangulJamo_class_int=\XeTeXcharclass8
\c__xeCJK_HangulJamoL_class_int=\XeTeXcharclass9
\c__xeCJK_HangulJamoV_class_int=\XeTeXcharclass10
\c__xeCJK_HangulJamoT_class_int=\XeTeXcharclass11
\c__xeCJK_CJStarter_class_int=\XeTeXcharclass12
\c__xeCJK_PoZheHao_class_int=\XeTeXcharclass13
\l__xeCJK_interword_dim=\dimen307
\l__xeCJK_last_skip=\skip82
\c__xeCJK_none_node=\count366
\g__xeCJK_node_int=\count367
\c__xeCJK_CJK_node_dim=\dimen308
\c__xeCJK_CJK-space_node_dim=\dimen309
\c__xeCJK_default_node_dim=\dimen310
\c__xeCJK_CJK-widow_node_dim=\dimen311
\c__xeCJK_normalspace_node_dim=\dimen312
\c__xeCJK_default-space_node_skip=\skip83
\c__xeCJK_math_node_dim=\dimen313
\c__xeCJK_math-space_node_dim=\dimen314
\c__xeCJK_math-space-frozen_node_dim=\dimen315
\g__xeCJK_boundary_capture_depth_int=\count368
\g__xeCJK_boundary_suspend_depth_int=\count369
\g__xeCJK_boundary_capture_1_box=\box80
\g__xeCJK_boundary_capture_2_box=\box81
\g__xeCJK_boundary_capture_3_box=\box82
\l__xeCJK_boundary_post_box=\box83
\l__xeCJK_boundary_math_skip=\skip84
\l__xeCJK_boundary_math_actual_skip=\skip85
\l__xeCJK_boundary_math_ecglue_skip=\skip86
\l__xeCJK_boundary_math_delta_skip=\skip87
\l__xeCJK_boundary_math_space_dim=\dimen316
\l__xeCJK_boundary_math_ecglue_dim=\dimen317
\l__xeCJK_boundary_math_stretch_dim=\dimen318
\l__xeCJK_boundary_math_shrink_dim=\dimen319
\g__xeCJK_boundary_probe_type_int=\count370
\l__xeCJK_boundary_probe_box=\box84
\l__xeCJK_ccglue_skip=\skip88
\l__xeCJK_ecglue_skip=\skip89
\g__xeCJK_par_guard_dim=\dimen320
\l__xeCJK_punct_kern_skip=\skip90
\l__xeCJK_indent_box=\box85
\l__xeCJK_last_penalty_int=\count371
\l__xeCJK_last_bound_dim=\dimen321
\l__xeCJK_last_kern_dim=\dimen322
\l__xeCJK_widow_penalty_int=\count372

LaTeX template Info: Declaring template type 'xeCJK/punctuation' taking 0
(template)           argument(s) on line 4836.

\l__xeCJK_fixed_punct_width_dim=\dimen323
\l__xeCJK_mixed_punct_width_dim=\dimen324
\l__xeCJK_middle_punct_width_dim=\dimen325
\l__xeCJK_fixed_margin_width_dim=\dimen326
\l__xeCJK_mixed_margin_width_dim=\dimen327
\l__xeCJK_middle_margin_width_dim=\dimen328
\l__xeCJK_bound_punct_width_dim=\dimen329
\l__xeCJK_bound_margin_width_dim=\dimen330
\l__xeCJK_margin_minimum_dim=\dimen331
\l__xeCJK_kerning_total_width_dim=\dimen332
\l__xeCJK_same_align_margin_dim=\dimen333
\l__xeCJK_different_align_margin_dim=\dimen334
\l__xeCJK_kerning_margin_width_dim=\dimen335
\l__xeCJK_kerning_margin_minimum_dim=\dimen336
\l__xeCJK_bound_dim=\dimen337
\l__xeCJK_reverse_bound_dim=\dimen338
\l__xeCJK_margin_dim=\dimen339
\l__xeCJK_minimum_bound_dim=\dimen340
\l__xeCJK_kerning_margin_dim=\dimen341
\g__xeCJK_family_int=\count373
\l__xeCJK_fam_int=\count374
\g__xeCJK_fam_allocation_int=\count375
\l__xeCJK_verb_case_int=\count376
\l__xeCJK_verb_exspace_skip=\skip91

(C:\Users\e9411\AppData\Local\Programs\MiKTeX\tex/latex/fontspec\fontspec.sty
(C:\Users\e9411\AppData\Local\Programs\MiKTeX\tex/latex/l3packages/xparse\xpars
e.sty
Package: xparse 2025-10-09 L3 Experimental document command parser
)
Package: fontspec 2025/09/29 v2.9g Font selection for XeLaTeX and LuaLaTeX

(C:\Users\e9411\AppData\Local\Programs\MiKTeX\tex/latex/fontspec\fontspec-xetex
.sty
Package: fontspec-xetex 2025/09/29 v2.9g Font selection for XeLaTeX and LuaLaTe
X
\l__fontspec_script_int=\count377
\l__fontspec_language_int=\count378
\l__fontspec_strnum_int=\count379
\l__fontspec_tmp_int=\count380
\l__fontspec_tmpa_int=\count381
\l__fontspec_tmpb_int=\count382
\l__fontspec_tmpc_int=\count383
\l__fontspec_em_int=\count384
\l__fontspec_emdef_int=\count385
\l__fontspec_strong_int=\count386
\l__fontspec_strongdef_int=\count387
\l__fontspec_tmpa_dim=\dimen342
\l__fontspec_tmpb_dim=\dimen343
\l__fontspec_tmpc_dim=\dimen344
 (C:\Users\e9411\AppData\Local\Programs\MiKTeX\tex/latex/base\fontenc.sty
Package: fontenc 2025/07/18 v2.1d Standard LaTeX package
)
(C:\Users\e9411\AppData\Local\Programs\MiKTeX\tex/latex/fontspec\fontspec.cfg))
)
\l__xeCJK_default_char_int=\count388
 (C:\Users\e9411\AppData\Local\Programs\MiKTeX\tex/xelatex/xecjk\xeCJK.cfg
File: xeCJK.cfg 2026/08/07 v3.10.5 Configuration file for xeCJK package
))
(C:\Users\e9411\AppData\Local\Programs\MiKTeX\tex/latex/subfig\subfig.sty
Package: subfig 2005/06/28 ver: 1.3 subfig package

(C:\Users\e9411\AppData\Local\Programs\MiKTeX\tex/latex/caption\caption.sty
Package: caption 2023/08/05 v3.6o Customizing captions (AR)

(C:\Users\e9411\AppData\Local\Programs\MiKTeX\tex/latex/caption\caption3.sty
Package: caption3 2023/07/31 v2.4d caption3 kernel (AR)
\caption@tempdima=\dimen345
\captionmargin=\dimen346
\caption@leftmargin=\dimen347
\caption@rightmargin=\dimen348
\caption@width=\dimen349
\caption@indent=\dimen350
\caption@parindent=\dimen351
\caption@hangindent=\dimen352
Package caption Info: beamer document class detected.

(C:\Users\e9411\AppData\Local\Programs\MiKTeX\tex/latex/caption\caption-beamer.
sto
File: caption-beamer.sto 2022/01/06 v2.0c Adaption of the caption package to th
e beamer document classes (AR)
))
\c@caption@flags=\count389
\c@continuedfloat=\count390
Package caption Info: hyperref package is loaded.
Package caption Info: Hyperref support is turned off
(caption)             because hyperref has stopped early.
)
\c@KVtest=\count391
\sf@farskip=\skip92
\sf@captopadj=\dimen353
\sf@capskip=\skip93
\sf@nearskip=\skip94
\c@subfigure=\count392
\c@subfigure@save=\count393
\c@depth=\count394
\c@subtable=\count395
\c@subtable@save=\count396
\sf@top=\skip95
\sf@bottom=\skip96
) (C:\Users\e9411\AppData\Local\Programs\MiKTeX\tex/latex/tools\array.sty
Package: array 2026/02/24 v2.7b Tabular extension package (FMi)
\col@sep=\dimen354
\ar@mcellbox=\box86
\extrarowheight=\dimen355
\NC@list=\toks47
\extratabsurround=\skip97
\backup@length=\skip98
\ar@cellbox=\box87
) (C:\Users\e9411\AppData\Local\Programs\MiKTeX\tex/latex/sttools\stfloats.sty
Package: stfloats 2025/06/18 v3.4 Improve float mechanism and baselineskip sett
ings
\@dblbotnum=\count397
\c@dblbotnumber=\count398
) (C:\Users\e9411\AppData\Local\Programs\MiKTeX\tex/latex/tools\bm.sty
Package: bm 2025/10/21 v1.2g Bold Symbol Support (DPC/FMi)
\symboldoperators=\mathgroup6
\symboldletters=\mathgroup7
\symboldsymbols=\mathgroup8
Package bm Info: No bold for \OMX/cmex/m/n, using \pmb.
Package bm Info: No bold for \U/msa/m/n, using \pmb.
Package bm Info: No bold for \U/msb/m/n, using \pmb.
LaTeX Font Info:    Redeclaring math alphabet \mathbf on input line 149.
)
(C:\Users\e9411\AppData\Local\Programs\MiKTeX\tex/latex/natbib\bibentry.sty
Package: bibentry 2007/10/30 1.5 (PWD)
)

Package fontspec Info: 
(fontspec)             Could not resolve font "DFKai-SB/BI" (it probably
(fontspec)             doesn't exist).


Package fontspec Info: 
(fontspec)             Could not resolve font "DFKai-SB/B" (it probably
(fontspec)             doesn't exist).


Package fontspec Info: 
(fontspec)             Could not resolve font "DFKai-SB/I" (it probably
(fontspec)             doesn't exist).


Package fontspec Info: 
(fontspec)             Font family 'DFKai-SB(0)' created for font 'DFKai-SB'
(fontspec)             with options [Script={CJK}].
(fontspec)              
(fontspec)              This font family consists of the following NFSS
(fontspec)             series/shapes:
(fontspec)              
(fontspec)             - 'normal' (m/n) with NFSS spec.:
(fontspec)             <->"DFKai-SB/OT:script=hani;language=dflt;"


Package fontspec Info: 
(fontspec)             Font family 'TimesNewRoman(0)' created for font 'Times
(fontspec)             New Roman' with options [Ligatures=TeX].
(fontspec)              
(fontspec)              This font family consists of the following NFSS
(fontspec)             series/shapes:
(fontspec)              
(fontspec)             - 'normal' (m/n) with NFSS spec.: <->"Times New
(fontspec)             Roman/OT:script=latn;language=dflt;mapping=tex-text;"
(fontspec)             - 'small caps'  (m/sc) with NFSS spec.: <->"Times New
(fontspec)             Roman/OT:script=latn;language=dflt;+smcp;mapping=tex-tex
t;"
(fontspec)             - 'bold' (b/n) with NFSS spec.: <->"Times New
(fontspec)             Roman/B/OT:script=latn;language=dflt;mapping=tex-text;"
(fontspec)             - 'bold small caps'  (b/sc) with NFSS spec.: <->"Times
(fontspec)             New
(fontspec)             Roman/B/OT:script=latn;language=dflt;+smcp;mapping=tex-t
ext;"
(fontspec)             - 'italic' (m/it) with NFSS spec.: <->"Times New
(fontspec)             Roman/I/OT:script=latn;language=dflt;mapping=tex-text;"
(fontspec)             - 'italic small caps'  (m/scit) with NFSS spec.:
(fontspec)             <->"Times New
(fontspec)             Roman/I/OT:script=latn;language=dflt;+smcp;mapping=tex-t
ext;"
(fontspec)             - 'bold italic' (b/it) with NFSS spec.: <->"Times New
(fontspec)             Roman/BI/OT:script=latn;language=dflt;mapping=tex-text;"

(fontspec)             - 'bold italic small caps'  (b/scit) with NFSS spec.:
(fontspec)             <->"Times New
(fontspec)             Roman/BI/OT:script=latn;language=dflt;+smcp;mapping=tex-
text;"


Package fontspec Info: 
(fontspec)             Font family 'TimesNewRoman(1)' created for font 'Times
(fontspec)             New Roman' with options
(fontspec)             [WordSpace={1,0,0},HyphenChar=None,PunctuationSpace=Word
Space].
(fontspec)              
(fontspec)              This font family consists of the following NFSS
(fontspec)             series/shapes:
(fontspec)              
(fontspec)             - 'normal' (m/n) with NFSS spec.: <->"Times New
(fontspec)             Roman/OT:script=latn;language=dflt;"
(fontspec)             - 'small caps'  (m/sc) with NFSS spec.: <->"Times New
(fontspec)             Roman/OT:script=latn;language=dflt;+smcp;"
(fontspec)             and font adjustment code:
(fontspec)             \fontdimen 2\font =1\fontdimen 2\font \fontdimen 3\font
(fontspec)             =0\fontdimen 3\font \fontdimen 4\font =0\fontdimen
(fontspec)             4\font \fontdimen 7\font =0\fontdimen 2\font
(fontspec)             \tex_hyphenchar:D \font =-1\scan_stop: 
(fontspec)             - 'bold' (b/n) with NFSS spec.: <->"Times New
(fontspec)             Roman/B/OT:script=latn;language=dflt;"
(fontspec)             - 'bold small caps'  (b/sc) with NFSS spec.: <->"Times
(fontspec)             New Roman/B/OT:script=latn;language=dflt;+smcp;"
(fontspec)             and font adjustment code:
(fontspec)             \fontdimen 2\font =1\fontdimen 2\font \fontdimen 3\font
(fontspec)             =0\fontdimen 3\font \fontdimen 4\font =0\fontdimen
(fontspec)             4\font \fontdimen 7\font =0\fontdimen 2\font
(fontspec)             \tex_hyphenchar:D \font =-1\scan_stop: 
(fontspec)             - 'italic' (m/it) with NFSS spec.: <->"Times New
(fontspec)             Roman/I/OT:script=latn;language=dflt;"
(fontspec)             - 'italic small caps'  (m/scit) with NFSS spec.:
(fontspec)             <->"Times New
(fontspec)             Roman/I/OT:script=latn;language=dflt;+smcp;"
(fontspec)             and font adjustment code:
(fontspec)             \fontdimen 2\font =1\fontdimen 2\font \fontdimen 3\font
(fontspec)             =0\fontdimen 3\font \fontdimen 4\font =0\fontdimen
(fontspec)             4\font \fontdimen 7\font =0\fontdimen 2\font
(fontspec)             \tex_hyphenchar:D \font =-1\scan_stop: 
(fontspec)             - 'bold italic' (b/it) with NFSS spec.: <->"Times New
(fontspec)             Roman/BI/OT:script=latn;language=dflt;"
(fontspec)             - 'bold italic small caps'  (b/scit) with NFSS spec.:
(fontspec)             <->"Times New
(fontspec)             Roman/BI/OT:script=latn;language=dflt;+smcp;"
(fontspec)             and font adjustment code:
(fontspec)             \fontdimen 2\font =1\fontdimen 2\font \fontdimen 3\font
(fontspec)             =0\fontdimen 3\font \fontdimen 4\font =0\fontdimen
(fontspec)             4\font \fontdimen 7\font =0\fontdimen 2\font
(fontspec)             \tex_hyphenchar:D \font =-1\scan_stop: 

\c@thm=\count399
\c@rmk=\count400
\c@defin=\count401
\c@crly=\count402
\c@eg=\count403
\c@remark=\count404

(main.aux)
\openout1 = `main.aux'.

LaTeX Font Info:    Checking defaults for OML/cmm/m/it on input line 157.
LaTeX Font Info:    ... okay on input line 157.
LaTeX Font Info:    Checking defaults for OMS/cmsy/m/n on input line 157.
LaTeX Font Info:    ... okay on input line 157.
LaTeX Font Info:    Checking defaults for OT1/cmr/m/n on input line 157.
LaTeX Font Info:    ... okay on input line 157.
LaTeX Font Info:    Checking defaults for T1/cmr/m/n on input line 157.
LaTeX Font Info:    ... okay on input line 157.
LaTeX Font Info:    Checking defaults for TS1/cmr/m/n on input line 157.
LaTeX Font Info:    ... okay on input line 157.
LaTeX Font Info:    Checking defaults for TU/lmr/m/n on input line 157.
LaTeX Font Info:    ... okay on input line 157.
LaTeX Font Info:    Checking defaults for OMX/cmex/m/n on input line 157.
LaTeX Font Info:    ... okay on input line 157.
LaTeX Font Info:    Checking defaults for U/cmr/m/n on input line 157.
LaTeX Font Info:    ... okay on input line 157.
LaTeX Font Info:    Checking defaults for PD1/pdf/m/n on input line 157.
LaTeX Font Info:    ... okay on input line 157.
LaTeX Font Info:    Checking defaults for PU/pdf/m/n on input line 157.
LaTeX Font Info:    ... okay on input line 157.

*geometry* driver: auto-detecting
*geometry* detected driver: xetex
*geometry* verbose mode - [ preamble ] result:
* driver: xetex
* paper: custom
* layout: <same size as paper>
* layoutoffset:(h,v)=(0.0pt,0.0pt)
* modes: includehead includefoot 
* h-part:(L,W,R)=(10.95pt, 342.29536pt, 10.95pt)
* v-part:(T,H,B)=(0.0pt, 273.14662pt, 0.0pt)
* \paperwidth=364.19536pt
* \paperheight=273.14662pt
* \textwidth=342.29536pt
* \textheight=244.6939pt
* \oddsidemargin=-61.31999pt
* \evensidemargin=-61.31999pt
* \topmargin=-72.26999pt
* \headheight=14.22636pt
* \headsep=0.0pt
* \topskip=11.0pt
* \footskip=14.22636pt
* \marginparwidth=4.0pt
* \marginparsep=10.0pt
* \columnsep=10.0pt
* \skip\footins=10.0pt plus 4.0pt minus 2.0pt
* \hoffset=0.0pt
* \voffset=0.0pt
* \mag=1000
* \@twocolumnfalse
* \@twosidefalse
* \@mparswitchfalse
* \@reversemarginfalse
* (1in=72.27pt=25.4mm, 1cm=28.453pt)

Package hyperref Info: Link coloring OFF on input line 157.
(main.out) (main.out)
\@outlinefile=\write5
\openout5 = `main.out'.


(C:\Users\e9411\AppData\Local\Programs\MiKTeX\tex/latex/translator\translator-b
asic-dictionary-English.dict
Dictionary: translator-basic-dictionary, Language: English 
)
(C:\Users\e9411\AppData\Local\Programs\MiKTeX\tex/latex/translator\translator-b
ibliography-dictionary-English.dict
Dictionary: translator-bibliography-dictionary, Language: English 
)
(C:\Users\e9411\AppData\Local\Programs\MiKTeX\tex/latex/translator\translator-e
nvironment-dictionary-English.dict
Dictionary: translator-environment-dictionary, Language: English 
)
(C:\Users\e9411\AppData\Local\Programs\MiKTeX\tex/latex/translator\translator-m
onths-dictionary-English.dict
Dictionary: translator-months-dictionary, Language: English 
)
(C:\Users\e9411\AppData\Local\Programs\MiKTeX\tex/latex/translator\translator-n
umbers-dictionary-English.dict
Dictionary: translator-numbers-dictionary, Language: English 
)
(C:\Users\e9411\AppData\Local\Programs\MiKTeX\tex/latex/translator\translator-t
heorem-dictionary-English.dict
Dictionary: translator-theorem-dictionary, Language: English 
)

Package fontspec Info: 
(fontspec)             Adjusting the maths setup (use [no-math] to avoid
(fontspec)             this).

\symlegacymaths=\mathgroup9
LaTeX Font Info:    Overwriting symbol font `legacymaths' in version `bold'
(Font)                  OT1/cmr/m/n --> OT1/cmr/bx/n on input line 157.
LaTeX Font Info:    Redeclaring math accent \acute on input line 157.
LaTeX Font Info:    Redeclaring math accent \grave on input line 157.
LaTeX Font Info:    Redeclaring math accent \ddot on input line 157.
LaTeX Font Info:    Redeclaring math accent \tilde on input line 157.
LaTeX Font Info:    Redeclaring math accent \bar on input line 157.
LaTeX Font Info:    Redeclaring math accent \breve on input line 157.
LaTeX Font Info:    Redeclaring math accent \check on input line 157.
LaTeX Font Info:    Redeclaring math accent \hat on input line 157.
LaTeX Font Info:    Redeclaring math accent \dot on input line 157.
LaTeX Font Info:    Redeclaring math accent \mathring on input line 157.
LaTeX Font Info:    Redeclaring math symbol \Gamma on input line 157.
LaTeX Font Info:    Redeclaring math symbol \Delta on input line 157.
LaTeX Font Info:    Redeclaring math symbol \Theta on input line 157.
LaTeX Font Info:    Redeclaring math symbol \Lambda on input line 157.
LaTeX Font Info:    Redeclaring math symbol \Xi on input line 157.
LaTeX Font Info:    Redeclaring math symbol \Pi on input line 157.
LaTeX Font Info:    Redeclaring math symbol \Sigma on input line 157.
LaTeX Font Info:    Redeclaring math symbol \Upsilon on input line 157.
LaTeX Font Info:    Redeclaring math symbol \Phi on input line 157.
LaTeX Font Info:    Redeclaring math symbol \Psi on input line 157.
LaTeX Font Info:    Redeclaring math symbol \Omega on input line 157.
LaTeX Font Info:    Redeclaring math symbol \mathdollar on input line 157.
LaTeX Font Info:    Redeclaring symbol font `operators' on input line 157.
LaTeX Font Info:    Encoding `OT1' has changed to `TU' for symbol font
(Font)              `operators' in the math version `normal' on input line 157.

LaTeX Font Info:    Overwriting symbol font `operators' in version `normal'
(Font)                  OT1/cmr/m/n --> TU/TimesNewRoman(0)/m/n on input line 1
57.
LaTeX Font Info:    Encoding `OT1' has changed to `TU' for symbol font
(Font)              `operators' in the math version `bold' on input line 157.
LaTeX Font Info:    Overwriting symbol font `operators' in version `bold'
(Font)                  OT1/cmr/bx/n --> TU/TimesNewRoman(0)/m/n on input line 
157.
LaTeX Font Info:    Overwriting symbol font `operators' in version `normal'
(Font)                  TU/TimesNewRoman(0)/m/n --> TU/TimesNewRoman(0)/m/n on 
input line 157.
LaTeX Font Info:    Overwriting math alphabet `\mathit' in version `normal'
(Font)                  OT1/cmr/m/it --> TU/TimesNewRoman(0)/m/it on input line
 157.
LaTeX Font Info:    Overwriting math alphabet `\mathbf' in version `normal'
(Font)                  OT1/cmr/bx/n --> TU/TimesNewRoman(0)/b/n on input line 
157.
LaTeX Font Info:    Overwriting math alphabet `\mathsf' in version `normal'
(Font)                  OT1/cmss/m/n --> TU/TimesNewRoman(0)/m/n on input line 
157.
LaTeX Font Info:    Overwriting math alphabet `\mathtt' in version `normal'
(Font)                  OT1/cmtt/m/n --> TU/TimesNewRoman(1)/m/n on input line 
157.
LaTeX Font Info:    Overwriting symbol font `operators' in version `bold'
(Font)                  TU/TimesNewRoman(0)/m/n --> TU/TimesNewRoman(0)/b/n on 
input line 157.
LaTeX Font Info:    Overwriting math alphabet `\mathit' in version `bold'
(Font)                  OT1/cmr/bx/it --> TU/TimesNewRoman(0)/b/it on input lin
e 157.
LaTeX Font Info:    Overwriting math alphabet `\mathsf' in version `bold'
(Font)                  OT1/cmss/bx/n --> TU/TimesNewRoman(0)/b/n on input line
 157.
LaTeX Font Info:    Overwriting math alphabet `\mathtt' in version `bold'
(Font)                  OT1/cmtt/m/n --> TU/TimesNewRoman(1)/b/n on input line 
157.
Package caption Info: Begin \AtBeginDocument code.
Package caption Info: subfig package v1.3 is loaded.
Package caption Info: End \AtBeginDocument code.
 (main.nav)
Overfull \hbox (1.49442pt too wide) in paragraph at lines 157--157
[][]  
 []

File: SpaceComm LOGO_Black_ Horizontal 1.png Graphic file (type bmp)
<SpaceComm LOGO_Black_ Horizontal 1.png>

Overfull \hbox (1.49442pt too wide) in paragraph at lines 162--162
[][]  
 []

File: SpaceComm LOGO_Black_ Horizontal 1.png Graphic file (type bmp)
<SpaceComm LOGO_Black_ Horizontal 1.png>
File: ncku_logo.jpg Graphic file (type bmp)
<ncku_logo.jpg>
File: SpaceComm LOGO_Black_ Horizontal 1.png Graphic file (type bmp)
<SpaceComm LOGO_Black_ Horizontal 1.png>

Overfull \hbox (1.49442pt too wide) has occurred while \output is active
[][] 
 []

[1

]
Overfull \hbox (1.49442pt too wide) in paragraph at lines 176--176
[][]  
 []

File: SpaceComm LOGO_Black_ Horizontal 1.png Graphic file (type bmp)
<SpaceComm LOGO_Black_ Horizontal 1.png>
LaTeX Font Info:    Trying to load font information for U+msa on input line 176
.
(C:\Users\e9411\AppData\Local\Programs\MiKTeX\tex/latex/amsfonts\umsa.fd
File: umsa.fd 2013/01/14 v3.01 AMS symbols A
)
LaTeX Font Info:    Trying to load font information for U+msb on input line 176
.

(C:\Users\e9411\AppData\Local\Programs\MiKTeX\tex/latex/amsfonts\umsb.fd
File: umsb.fd 2013/01/14 v3.01 AMS symbols B
)
File: SpaceComm LOGO_Black_ Horizontal 1.png Graphic file (type bmp)
<SpaceComm LOGO_Black_ Horizontal 1.png>

Overfull \hbox (1.49442pt too wide) has occurred while \output is active
[][] 
 []

[2

]
Overfull \hbox (1.49442pt too wide) in paragraph at lines 199--199
[][]  
 []

File: SpaceComm LOGO_Black_ Horizontal 1.png Graphic file (type bmp)
<SpaceComm LOGO_Black_ Horizontal 1.png>
Invalid UTF-8 byte or sequence at line 199 replaced by U+FFFD.
File: SC_MC.eps Graphic file (type eps)
<SC_MC.eps>
File: SpaceComm LOGO_Black_ Horizontal 1.png Graphic file (type bmp)
<SpaceComm LOGO_Black_ Horizontal 1.png>

Overfull \hbox (1.49442pt too wide) has occurred while \output is active
[][] 
 []

[3

]
Overfull \hbox (1.49442pt too wide) in paragraph at lines 213--213
[][]  
 []

File: SpaceComm LOGO_Black_ Horizontal 1.png Graphic file (type bmp)
<SpaceComm LOGO_Black_ Horizontal 1.png>
File: SpaceComm LOGO_Black_ Horizontal 1.png Graphic file (type bmp)
<SpaceComm LOGO_Black_ Horizontal 1.png>

Overfull \hbox (1.49442pt too wide) has occurred while \output is active
[][] 
 []

[4

]
Overfull \hbox (1.49442pt too wide) in paragraph at lines 224--224
[][]  
 []

File: SpaceComm LOGO_Black_ Horizontal 1.png Graphic file (type bmp)
<SpaceComm LOGO_Black_ Horizontal 1.png>
File: OFDM_signal.eps Graphic file (type eps)
<OFDM_signal.eps>
File: SpaceComm LOGO_Black_ Horizontal 1.png Graphic file (type bmp)
<SpaceComm LOGO_Black_ Horizontal 1.png>

Overfull \hbox (1.49442pt too wide) has occurred while \output is active
[][] 
 []

[5

]
Overfull \hbox (1.49442pt too wide) in paragraph at lines 240--240
[][]  
 []

File: SpaceComm LOGO_Black_ Horizontal 1.png Graphic file (type bmp)
<SpaceComm LOGO_Black_ Horizontal 1.png>
File: SpaceComm LOGO_Black_ Horizontal 1.png Graphic file (type bmp)
<SpaceComm LOGO_Black_ Horizontal 1.png>

Overfull \hbox (1.49442pt too wide) has occurred while \output is active
[][] 
 []

[6

]
Overfull \hbox (1.49442pt too wide) in paragraph at lines 248--248
[][]  
 []

File: SpaceComm LOGO_Black_ Horizontal 1.png Graphic file (type bmp)
<SpaceComm LOGO_Black_ Horizontal 1.png>
Invalid UTF-8 byte or sequence at line 248 replaced by U+FFFD.
File: transmitter.eps Graphic file (type eps)
<transmitter.eps>
File: SpaceComm LOGO_Black_ Horizontal 1.png Graphic file (type bmp)
<SpaceComm LOGO_Black_ Horizontal 1.png>

Overfull \hbox (1.49442pt too wide) has occurred while \output is active
[][] 
 []

[7

]
Overfull \hbox (1.49442pt too wide) in paragraph at lines 259--259
[][]  
 []

File: SpaceComm LOGO_Black_ Horizontal 1.png Graphic file (type bmp)
<SpaceComm LOGO_Black_ Horizontal 1.png>
Invalid UTF-8 byte or sequence at line 259 replaced by U+FFFD.
File: MC_System.eps Graphic file (type eps)
<MC_System.eps>
File: SpaceComm LOGO_Black_ Horizontal 1.png Graphic file (type bmp)
<SpaceComm LOGO_Black_ Horizontal 1.png>

Overfull \hbox (1.49442pt too wide) has occurred while \output is active
[][] 
 []

[8

]
Overfull \hbox (1.49442pt too wide) in paragraph at lines 283--283
[][]  
 []

File: SpaceComm LOGO_Black_ Horizontal 1.png Graphic file (type bmp)
<SpaceComm LOGO_Black_ Horizontal 1.png>
Invalid UTF-8 byte or sequence at line 283 replaced by U+FFFD.
Invalid UTF-8 byte or sequence at line 283 replaced by U+FFFD.
Invalid UTF-8 byte or sequence at line 283 replaced by U+FFFD.
Invalid UTF-8 byte or sequence at line 283 replaced by U+FFFD.
Invalid UTF-8 byte or sequence at line 283 replaced by U+FFFD.
Invalid UTF-8 byte or sequence at line 283 replaced by U+FFFD.
File: subcarrier.eps Graphic file (type eps)
<subcarrier.eps>
File: SpaceComm LOGO_Black_ Horizontal 1.png Graphic file (type bmp)
<SpaceComm LOGO_Black_ Horizontal 1.png>

Overfull \hbox (1.49442pt too wide) has occurred while \output is active
[][] 
 []

[9

]
Overfull \hbox (1.49442pt too wide) in paragraph at lines 295--295
[][]  
 []

File: SpaceComm LOGO_Black_ Horizontal 1.png Graphic file (type bmp)
<SpaceComm LOGO_Black_ Horizontal 1.png>
File: SpaceComm LOGO_Black_ Horizontal 1.png Graphic file (type bmp)
<SpaceComm LOGO_Black_ Horizontal 1.png>

Overfull \hbox (1.49442pt too wide) has occurred while \output is active
[][] 
 []

[10

]
Overfull \hbox (1.49442pt too wide) in paragraph at lines 314--314
[][]  
 []

File: SpaceComm LOGO_Black_ Horizontal 1.png Graphic file (type bmp)
<SpaceComm LOGO_Black_ Horizontal 1.png>
File: SpaceComm LOGO_Black_ Horizontal 1.png Graphic file (type bmp)
<SpaceComm LOGO_Black_ Horizontal 1.png>

Overfull \hbox (1.49442pt too wide) has occurred while \output is active
[][] 
 []

[11

]
Overfull \hbox (1.49442pt too wide) in paragraph at lines 320--320
[][]  
 []

File: SpaceComm LOGO_Black_ Horizontal 1.png Graphic file (type bmp)
<SpaceComm LOGO_Black_ Horizontal 1.png>
File: delta_f.eps Graphic file (type eps)
<delta_f.eps>
File: SpaceComm LOGO_Black_ Horizontal 1.png Graphic file (type bmp)
<SpaceComm LOGO_Black_ Horizontal 1.png>

Overfull \hbox (1.49442pt too wide) has occurred while \output is active
[][] 
 []

[12

]
Overfull \hbox (1.49442pt too wide) in paragraph at lines 328--328
[][]  
 []

File: SpaceComm LOGO_Black_ Horizontal 1.png Graphic file (type bmp)
<SpaceComm LOGO_Black_ Horizontal 1.png>
File: sc.eps Graphic file (type eps)
<sc.eps>
File: SpaceComm LOGO_Black_ Horizontal 1.png Graphic file (type bmp)
<SpaceComm LOGO_Black_ Horizontal 1.png>

Overfull \hbox (1.49442pt too wide) has occurred while \output is active
[][] 
 []

[13

]
Overfull \hbox (1.49442pt too wide) in paragraph at lines 340--340
[][]  
 []

File: SpaceComm LOGO_Black_ Horizontal 1.png Graphic file (type bmp)
<SpaceComm LOGO_Black_ Horizontal 1.png>
Invalid UTF-8 byte or sequence at line 340 replaced by U+FFFD.
File: fading.eps Graphic file (type eps)
<fading.eps>
File: SpaceComm LOGO_Black_ Horizontal 1.png Graphic file (type bmp)
<SpaceComm LOGO_Black_ Horizontal 1.png>

Overfull \hbox (1.49442pt too wide) has occurred while \output is active
[][] 
 []

[14

]
Overfull \hbox (1.49442pt too wide) in paragraph at lines 351--351
[][]  
 []

File: SpaceComm LOGO_Black_ Horizontal 1.png Graphic file (type bmp)
<SpaceComm LOGO_Black_ Horizontal 1.png>
File: Delay_SymbolTime.eps Graphic file (type eps)
<Delay_SymbolTime.eps>
File: SpaceComm LOGO_Black_ Horizontal 1.png Graphic file (type bmp)
<SpaceComm LOGO_Black_ Horizontal 1.png>

Overfull \hbox (1.49442pt too wide) has occurred while \output is active
[][] 
 []

[15

]
Overfull \hbox (1.49442pt too wide) in paragraph at lines 362--362
[][]  
 []

File: SpaceComm LOGO_Black_ Horizontal 1.png Graphic file (type bmp)
<SpaceComm LOGO_Black_ Horizontal 1.png>
Invalid UTF-8 byte or sequence at line 362 replaced by U+FFFD.
File: Multipath_propagation.eps Graphic file (type eps)
<Multipath_propagation.eps>
File: SpaceComm LOGO_Black_ Horizontal 1.png Graphic file (type bmp)
<SpaceComm LOGO_Black_ Horizontal 1.png>

Overfull \hbox (1.49442pt too wide) has occurred while \output is active
[][] 
 []

[16

]
Overfull \hbox (1.49442pt too wide) in paragraph at lines 373--373
[][]  
 []

File: SpaceComm LOGO_Black_ Horizontal 1.png Graphic file (type bmp)
<SpaceComm LOGO_Black_ Horizontal 1.png>
Invalid UTF-8 byte or sequence at line 373 replaced by U+FFFD.
File: Delay_spread.eps Graphic file (type eps)
<Delay_spread.eps>
File: SpaceComm LOGO_Black_ Horizontal 1.png Graphic file (type bmp)
<SpaceComm LOGO_Black_ Horizontal 1.png>

Overfull \hbox (1.49442pt too wide) has occurred while \output is active
[][] 
 []

[17

]
Overfull \hbox (1.49442pt too wide) in paragraph at lines 396--396
[][]  
 []

File: SpaceComm LOGO_Black_ Horizontal 1.png Graphic file (type bmp)
<SpaceComm LOGO_Black_ Horizontal 1.png>
File: SpaceComm LOGO_Black_ Horizontal 1.png Graphic file (type bmp)
<SpaceComm LOGO_Black_ Horizontal 1.png>

Overfull \hbox (1.49442pt too wide) has occurred while \output is active
[][] 
 []

[18

]
Overfull \hbox (1.49442pt too wide) in paragraph at lines 418--418
[][]  
 []

File: SpaceComm LOGO_Black_ Horizontal 1.png Graphic file (type bmp)
<SpaceComm LOGO_Black_ Horizontal 1.png>
File: SpaceComm LOGO_Black_ Horizontal 1.png Graphic file (type bmp)
<SpaceComm LOGO_Black_ Horizontal 1.png>

Overfull \hbox (1.49442pt too wide) has occurred while \output is active
[][] 
 []

[19

]
Overfull \hbox (1.49442pt too wide) in paragraph at lines 429--429
[][]  
 []

File: SpaceComm LOGO_Black_ Horizontal 1.png Graphic file (type bmp)
<SpaceComm LOGO_Black_ Horizontal 1.png>
File: delayspread1.eps Graphic file (type eps)
<delayspread1.eps>
File: SpaceComm LOGO_Black_ Horizontal 1.png Graphic file (type bmp)
<SpaceComm LOGO_Black_ Horizontal 1.png>

Overfull \hbox (1.49442pt too wide) has occurred while \output is active
[][] 
 []

[20

]
Overfull \hbox (1.49442pt too wide) in paragraph at lines 440--440
[][]  
 []

File: SpaceComm LOGO_Black_ Horizontal 1.png Graphic file (type bmp)
<SpaceComm LOGO_Black_ Horizontal 1.png>
File: delayspread2.eps Graphic file (type eps)
<delayspread2.eps>
File: SpaceComm LOGO_Black_ Horizontal 1.png Graphic file (type bmp)
<SpaceComm LOGO_Black_ Horizontal 1.png>

Overfull \hbox (1.49442pt too wide) has occurred while \output is active
[][] 
 []

[21

]
Overfull \hbox (1.49442pt too wide) in paragraph at lines 468--468
[][]  
 []

File: SpaceComm LOGO_Black_ Horizontal 1.png Graphic file (type bmp)
<SpaceComm LOGO_Black_ Horizontal 1.png>
File: SpaceComm LOGO_Black_ Horizontal 1.png Graphic file (type bmp)
<SpaceComm LOGO_Black_ Horizontal 1.png>

Overfull \hbox (1.49442pt too wide) has occurred while \output is active
[][] 
 []

[22

]
Overfull \hbox (1.49442pt too wide) in paragraph at lines 482--482
[][]  
 []

File: SpaceComm LOGO_Black_ Horizontal 1.png Graphic file (type bmp)
<SpaceComm LOGO_Black_ Horizontal 1.png>
File: SpaceComm LOGO_Black_ Horizontal 1.png Graphic file (type bmp)
<SpaceComm LOGO_Black_ Horizontal 1.png>

Overfull \hbox (1.49442pt too wide) has occurred while \output is active
[][] 
 []

[23

]
Overfull \hbox (1.49442pt too wide) in paragraph at lines 497--497
[][]  
 []

File: SpaceComm LOGO_Black_ Horizontal 1.png Graphic file (type bmp)
<SpaceComm LOGO_Black_ Horizontal 1.png>
File: SpaceComm LOGO_Black_ Horizontal 1.png Graphic file (type bmp)
<SpaceComm LOGO_Black_ Horizontal 1.png>

Overfull \hbox (1.49442pt too wide) has occurred while \output is active
[][] 
 []

[24

]
Overfull \hbox (1.49442pt too wide) in paragraph at lines 510--510
[][]  
 []

File: SpaceComm LOGO_Black_ Horizontal 1.png Graphic file (type bmp)
<SpaceComm LOGO_Black_ Horizontal 1.png>
File: SpaceComm LOGO_Black_ Horizontal 1.png Graphic file (type bmp)
<SpaceComm LOGO_Black_ Horizontal 1.png>

Overfull \hbox (1.49442pt too wide) has occurred while \output is active
[][] 
 []

[25

]
Overfull \hbox (1.49442pt too wide) in paragraph at lines 524--524
[][]  
 []

File: SpaceComm LOGO_Black_ Horizontal 1.png Graphic file (type bmp)
<SpaceComm LOGO_Black_ Horizontal 1.png>
File: SpaceComm LOGO_Black_ Horizontal 1.png Graphic file (type bmp)
<SpaceComm LOGO_Black_ Horizontal 1.png>

Overfull \hbox (1.49442pt too wide) has occurred while \output is active
[][] 
 []

[26

]
Overfull \hbox (1.49442pt too wide) in paragraph at lines 537--537
[][]  
 []

File: SpaceComm LOGO_Black_ Horizontal 1.png Graphic file (type bmp)
<SpaceComm LOGO_Black_ Horizontal 1.png>
File: SpaceComm LOGO_Black_ Horizontal 1.png Graphic file (type bmp)
<SpaceComm LOGO_Black_ Horizontal 1.png>

Overfull \hbox (1.49442pt too wide) has occurred while \output is active
[][] 
 []

[27

]
Overfull \hbox (1.49442pt too wide) in paragraph at lines 551--551
[][]  
 []

File: SpaceComm LOGO_Black_ Horizontal 1.png Graphic file (type bmp)
<SpaceComm LOGO_Black_ Horizontal 1.png>
File: SpaceComm LOGO_Black_ Horizontal 1.png Graphic file (type bmp)
<SpaceComm LOGO_Black_ Horizontal 1.png>

Overfull \hbox (1.49442pt too wide) has occurred while \output is active
[][] 
 []

[28

]
Overfull \hbox (1.49442pt too wide) in paragraph at lines 563--563
[][]  
 []

File: SpaceComm LOGO_Black_ Horizontal 1.png Graphic file (type bmp)
<SpaceComm LOGO_Black_ Horizontal 1.png>
File: transmitted_signal_v5.eps Graphic file (type eps)
<transmitted_signal_v5.eps>

Overfull \vbox (5.02254pt too high) detected at line 563
 []

File: SpaceComm LOGO_Black_ Horizontal 1.png Graphic file (type bmp)
<SpaceComm LOGO_Black_ Horizontal 1.png>

Overfull \hbox (1.49442pt too wide) has occurred while \output is active
[][] 
 []

[29

]
Overfull \hbox (1.49442pt too wide) in paragraph at lines 574--574
[][]  
 []

File: SpaceComm LOGO_Black_ Horizontal 1.png Graphic file (type bmp)
<SpaceComm LOGO_Black_ Horizontal 1.png>
File: OFDM_TD.eps Graphic file (type eps)
<OFDM_TD.eps>
File: SpaceComm LOGO_Black_ Horizontal 1.png Graphic file (type bmp)
<SpaceComm LOGO_Black_ Horizontal 1.png>

Overfull \hbox (1.49442pt too wide) has occurred while \output is active
[][] 
 []

[30

]
Overfull \hbox (1.49442pt too wide) in paragraph at lines 585--585
[][]  
 []

File: SpaceComm LOGO_Black_ Horizontal 1.png Graphic file (type bmp)
<SpaceComm LOGO_Black_ Horizontal 1.png>
File: OFDM_FD.eps Graphic file (type eps)
<OFDM_FD.eps>
File: SpaceComm LOGO_Black_ Horizontal 1.png Graphic file (type bmp)
<SpaceComm LOGO_Black_ Horizontal 1.png>

Overfull \hbox (1.49442pt too wide) has occurred while \output is active
[][] 
 []

[31

]
Overfull \hbox (1.49442pt too wide) in paragraph at lines 593--593
[][]  
 []

File: SpaceComm LOGO_Black_ Horizontal 1.png Graphic file (type bmp)
<SpaceComm LOGO_Black_ Horizontal 1.png>
Invalid UTF-8 byte or sequence at line 593 replaced by U+FFFD.
File: ICI.eps Graphic file (type eps)
<ICI.eps>
File: SpaceComm LOGO_Black_ Horizontal 1.png Graphic file (type bmp)
<SpaceComm LOGO_Black_ Horizontal 1.png>

Overfull \hbox (1.49442pt too wide) has occurred while \output is active
[][] 
 []

[32

]
Overfull \hbox (1.49442pt too wide) in paragraph at lines 601--601
[][]  
 []

File: SpaceComm LOGO_Black_ Horizontal 1.png Graphic file (type bmp)
<SpaceComm LOGO_Black_ Horizontal 1.png>
File: Timing_Synchronization_Error_ISI.eps Graphic file (type eps)
<Timing_Synchronization_Error_ISI.eps>
File: SpaceComm LOGO_Black_ Horizontal 1.png Graphic file (type bmp)
<SpaceComm LOGO_Black_ Horizontal 1.png>

Overfull \hbox (1.49442pt too wide) has occurred while \output is active
[][] 
 []

[33

]
Overfull \hbox (1.49442pt too wide) in paragraph at lines 608--608
[][]  
 []

File: SpaceComm LOGO_Black_ Horizontal 1.png Graphic file (type bmp)
<SpaceComm LOGO_Black_ Horizontal 1.png>
File: Timing_Synchronization_Error_ICI.eps Graphic file (type eps)
<Timing_Synchronization_Error_ICI.eps>
File: SpaceComm LOGO_Black_ Horizontal 1.png Graphic file (type bmp)
<SpaceComm LOGO_Black_ Horizontal 1.png>

Overfull \hbox (1.49442pt too wide) has occurred while \output is active
[][] 
 []

[34

]
Overfull \hbox (1.49442pt too wide) in paragraph at lines 615--615
[][]  
 []

File: SpaceComm LOGO_Black_ Horizontal 1.png Graphic file (type bmp)
<SpaceComm LOGO_Black_ Horizontal 1.png>
File: ICI_2-plus.pdf Graphic file (type pdf)
<use ICI_2-plus.pdf>
File: SpaceComm LOGO_Black_ Horizontal 1.png Graphic file (type bmp)
<SpaceComm LOGO_Black_ Horizontal 1.png>

Overfull \hbox (1.49442pt too wide) has occurred while \output is active
[][] 
 []

[35

]
Overfull \hbox (1.49442pt too wide) in paragraph at lines 627--627
[][]  
 []

File: SpaceComm LOGO_Black_ Horizontal 1.png Graphic file (type bmp)
<SpaceComm LOGO_Black_ Horizontal 1.png>
Invalid UTF-8 byte or sequence at line 627 replaced by U+FFFD.
File: FDM.eps Graphic file (type eps)
<FDM.eps>
File: SpaceComm LOGO_Black_ Horizontal 1.png Graphic file (type bmp)
<SpaceComm LOGO_Black_ Horizontal 1.png>

Overfull \hbox (1.49442pt too wide) has occurred while \output is active
[][] 
 []

[36

]
Overfull \hbox (1.49442pt too wide) in paragraph at lines 642--642
[][]  
 []

File: SpaceComm LOGO_Black_ Horizontal 1.png Graphic file (type bmp)
<SpaceComm LOGO_Black_ Horizontal 1.png>
File: SpaceComm LOGO_Black_ Horizontal 1.png Graphic file (type bmp)
<SpaceComm LOGO_Black_ Horizontal 1.png>

Overfull \hbox (1.49442pt too wide) has occurred while \output is active
[][] 
 []

[37

]
Overfull \hbox (1.49442pt too wide) in paragraph at lines 658--658
[][]  
 []

File: SpaceComm LOGO_Black_ Horizontal 1.png Graphic file (type bmp)
<SpaceComm LOGO_Black_ Horizontal 1.png>

Overfull \hbox (5.53128pt too wide) detected at line 658
[]
 []

File: SpaceComm LOGO_Black_ Horizontal 1.png Graphic file (type bmp)
<SpaceComm LOGO_Black_ Horizontal 1.png>

Overfull \hbox (1.49442pt too wide) has occurred while \output is active
[][] 
 []

[38

]
Overfull \hbox (1.49442pt too wide) in paragraph at lines 667--667
[][]  
 []

File: SpaceComm LOGO_Black_ Horizontal 1.png Graphic file (type bmp)
<SpaceComm LOGO_Black_ Horizontal 1.png>
File: SpaceComm LOGO_Black_ Horizontal 1.png Graphic file (type bmp)
<SpaceComm LOGO_Black_ Horizontal 1.png>

Overfull \hbox (1.49442pt too wide) has occurred while \output is active
[][] 
 []

[39

]
Overfull \hbox (1.49442pt too wide) in paragraph at lines 684--684
[][]  
 []

File: SpaceComm LOGO_Black_ Horizontal 1.png Graphic file (type bmp)
<SpaceComm LOGO_Black_ Horizontal 1.png>
File: SpaceComm LOGO_Black_ Horizontal 1.png Graphic file (type bmp)
<SpaceComm LOGO_Black_ Horizontal 1.png>

Overfull \hbox (1.49442pt too wide) has occurred while \output is active
[][] 
 []

[40

]
Overfull \hbox (1.49442pt too wide) in paragraph at lines 702--702
[][]  
 []

File: SpaceComm LOGO_Black_ Horizontal 1.png Graphic file (type bmp)
<SpaceComm LOGO_Black_ Horizontal 1.png>
File: SpaceComm LOGO_Black_ Horizontal 1.png Graphic file (type bmp)
<SpaceComm LOGO_Black_ Horizontal 1.png>

Overfull \hbox (1.49442pt too wide) has occurred while \output is active
[][] 
 []

[41

]
Overfull \hbox (1.49442pt too wide) in paragraph at lines 718--718
[][]  
 []

File: SpaceComm LOGO_Black_ Horizontal 1.png Graphic file (type bmp)
<SpaceComm LOGO_Black_ Horizontal 1.png>
File: SpaceComm LOGO_Black_ Horizontal 1.png Graphic file (type bmp)
<SpaceComm LOGO_Black_ Horizontal 1.png>

Overfull \hbox (1.49442pt too wide) has occurred while \output is active
[][] 
 []

[42

]
Overfull \hbox (1.49442pt too wide) in paragraph at lines 734--734
[][]  
 []

File: SpaceComm LOGO_Black_ Horizontal 1.png Graphic file (type bmp)
<SpaceComm LOGO_Black_ Horizontal 1.png>
File: SpaceComm LOGO_Black_ Horizontal 1.png Graphic file (type bmp)
<SpaceComm LOGO_Black_ Horizontal 1.png>

Overfull \hbox (1.49442pt too wide) has occurred while \output is active
[][] 
 []

[43

]
Overfull \hbox (1.49442pt too wide) in paragraph at lines 742--742
[][]  
 []

File: SpaceComm LOGO_Black_ Horizontal 1.png Graphic file (type bmp)
<SpaceComm LOGO_Black_ Horizontal 1.png>
Invalid UTF-8 byte or sequence at line 742 replaced by U+FFFD.
File: Multi_carrier_Equivalent_1.eps Graphic file (type eps)
<Multi_carrier_Equivalent_1.eps>
File: Multi_carrier_Equivalent_2.eps Graphic file (type eps)
<Multi_carrier_Equivalent_2.eps>

Overfull \vbox (0.11467pt too high) detected at line 742
 []

File: SpaceComm LOGO_Black_ Horizontal 1.png Graphic file (type bmp)
<SpaceComm LOGO_Black_ Horizontal 1.png>

Overfull \hbox (1.49442pt too wide) has occurred while \output is active
[][] 
 []

[44

]
Overfull \hbox (1.49442pt too wide) in paragraph at lines 760--760
[][]  
 []

File: SpaceComm LOGO_Black_ Horizontal 1.png Graphic file (type bmp)
<SpaceComm LOGO_Black_ Horizontal 1.png>
File: CP_1.png Graphic file (type bmp)
<CP_1.png>
File: CP_2.png Graphic file (type bmp)
<CP_2.png>
File: SpaceComm LOGO_Black_ Horizontal 1.png Graphic file (type bmp)
<SpaceComm LOGO_Black_ Horizontal 1.png>

Overfull \hbox (1.49442pt too wide) has occurred while \output is active
[][] 
 []

[45

]
Overfull \hbox (1.49442pt too wide) in paragraph at lines 775--775
[][]  
 []

File: SpaceComm LOGO_Black_ Horizontal 1.png Graphic file (type bmp)
<SpaceComm LOGO_Black_ Horizontal 1.png>
File: GI.jpg Graphic file (type bmp)
<GI.jpg>
File: SpaceComm LOGO_Black_ Horizontal 1.png Graphic file (type bmp)
<SpaceComm LOGO_Black_ Horizontal 1.png>

Overfull \hbox (1.49442pt too wide) has occurred while \output is active
[][] 
 []

[46

]
Overfull \hbox (1.49442pt too wide) in paragraph at lines 793--793
[][]  
 []

File: SpaceComm LOGO_Black_ Horizontal 1.png Graphic file (type bmp)
<SpaceComm LOGO_Black_ Horizontal 1.png>
File: CP_9.png Graphic file (type bmp)
<CP_9.png>
File: delay.jpg Graphic file (type bmp)
<delay.jpg>
File: SpaceComm LOGO_Black_ Horizontal 1.png Graphic file (type bmp)
<SpaceComm LOGO_Black_ Horizontal 1.png>

Overfull \hbox (1.49442pt too wide) has occurred while \output is active
[][] 
 []

[47

]
Overfull \hbox (1.49442pt too wide) in paragraph at lines 804--804
[][]  
 []

File: SpaceComm LOGO_Black_ Horizontal 1.png Graphic file (type bmp)
<SpaceComm LOGO_Black_ Horizontal 1.png>
File: GI_cause_ISI_modify.png Graphic file (type bmp)
<GI_cause_ISI_modify.png>

Overfull \vbox (10.7317pt too high) detected at line 804
 []

File: SpaceComm LOGO_Black_ Horizontal 1.png Graphic file (type bmp)
<SpaceComm LOGO_Black_ Horizontal 1.png>

Overfull \hbox (1.49442pt too wide) has occurred while \output is active
[][] 
 []

[48

]
Overfull \hbox (1.49442pt too wide) in paragraph at lines 832--832
[][]  
 []

File: SpaceComm LOGO_Black_ Horizontal 1.png Graphic file (type bmp)
<SpaceComm LOGO_Black_ Horizontal 1.png>
File: SpaceComm LOGO_Black_ Horizontal 1.png Graphic file (type bmp)
<SpaceComm LOGO_Black_ Horizontal 1.png>

Overfull \hbox (1.49442pt too wide) has occurred while \output is active
[][] 
 []

[49

]
Overfull \hbox (1.49442pt too wide) in paragraph at lines 843--843
[][]  
 []

File: SpaceComm LOGO_Black_ Horizontal 1.png Graphic file (type bmp)
<SpaceComm LOGO_Black_ Horizontal 1.png>
File: CP_6.png Graphic file (type bmp)
<CP_6.png>
File: SpaceComm LOGO_Black_ Horizontal 1.png Graphic file (type bmp)
<SpaceComm LOGO_Black_ Horizontal 1.png>

Overfull \hbox (1.49442pt too wide) has occurred while \output is active
[][] 
 []

[50

]
Overfull \hbox (1.49442pt too wide) in paragraph at lines 854--854
[][]  
 []

File: SpaceComm LOGO_Black_ Horizontal 1.png Graphic file (type bmp)
<SpaceComm LOGO_Black_ Horizontal 1.png>
File: circular.jpg Graphic file (type bmp)
<circular.jpg>
File: SpaceComm LOGO_Black_ Horizontal 1.png Graphic file (type bmp)
<SpaceComm LOGO_Black_ Horizontal 1.png>

Overfull \hbox (1.49442pt too wide) has occurred while \output is active
[][] 
 []

[51

]
Overfull \hbox (1.49442pt too wide) in paragraph at lines 865--865
[][]  
 []

File: SpaceComm LOGO_Black_ Horizontal 1.png Graphic file (type bmp)
<SpaceComm LOGO_Black_ Horizontal 1.png>
Invalid UTF-8 byte or sequence at line 865 replaced by U+FFFD.
File: Linear_convolution_vs_Circular_convolution.eps Graphic file (type eps)
<Linear_convolution_vs_Circular_convolution.eps>
File: SpaceComm LOGO_Black_ Horizontal 1.png Graphic file (type bmp)
<SpaceComm LOGO_Black_ Horizontal 1.png>

Overfull \hbox (1.49442pt too wide) has occurred while \output is active
[][] 
 []

[52

]
Overfull \hbox (1.49442pt too wide) in paragraph at lines 876--876
[][]  
 []

File: SpaceComm LOGO_Black_ Horizontal 1.png Graphic file (type bmp)
<SpaceComm LOGO_Black_ Horizontal 1.png>
File: CP_7.png Graphic file (type bmp)
<CP_7.png>
File: SpaceComm LOGO_Black_ Horizontal 1.png Graphic file (type bmp)
<SpaceComm LOGO_Black_ Horizontal 1.png>

Overfull \hbox (1.49442pt too wide) has occurred while \output is active
[][] 
 []

[53

]
Overfull \hbox (1.49442pt too wide) in paragraph at lines 893--893
[][]  
 []

File: SpaceComm LOGO_Black_ Horizontal 1.png Graphic file (type bmp)
<SpaceComm LOGO_Black_ Horizontal 1.png>
File: SpaceComm LOGO_Black_ Horizontal 1.png Graphic file (type bmp)
<SpaceComm LOGO_Black_ Horizontal 1.png>

Overfull \hbox (1.49442pt too wide) has occurred while \output is active
[][] 
 []

[54

]
Overfull \hbox (1.49442pt too wide) in paragraph at lines 901--901
[][]  
 []

File: SpaceComm LOGO_Black_ Horizontal 1.png Graphic file (type bmp)
<SpaceComm LOGO_Black_ Horizontal 1.png>
File: block_diagram.jpg Graphic file (type bmp)
<block_diagram.jpg>
File: SpaceComm LOGO_Black_ Horizontal 1.png Graphic file (type bmp)
<SpaceComm LOGO_Black_ Horizontal 1.png>

Overfull \hbox (1.49442pt too wide) has occurred while \output is active
[][] 
 []

[55

]
Overfull \hbox (1.49442pt too wide) in paragraph at lines 912--912
[][]  
 []

File: SpaceComm LOGO_Black_ Horizontal 1.png Graphic file (type bmp)
<SpaceComm LOGO_Black_ Horizontal 1.png>
File: cp12.png Graphic file (type bmp)
<cp12.png>
File: SpaceComm LOGO_Black_ Horizontal 1.png Graphic file (type bmp)
<SpaceComm LOGO_Black_ Horizontal 1.png>

Overfull \hbox (1.49442pt too wide) has occurred while \output is active
[][] 
 []

[56

]
Overfull \hbox (1.49442pt too wide) in paragraph at lines 925--925
[][]  
 []

File: SpaceComm LOGO_Black_ Horizontal 1.png Graphic file (type bmp)
<SpaceComm LOGO_Black_ Horizontal 1.png>
File: cp11.png Graphic file (type bmp)
<cp11.png>
File: SpaceComm LOGO_Black_ Horizontal 1.png Graphic file (type bmp)
<SpaceComm LOGO_Black_ Horizontal 1.png>

Overfull \hbox (1.49442pt too wide) has occurred while \output is active
[][] 
 []

[57

]
Overfull \hbox (1.49442pt too wide) in paragraph at lines 938--938
[][]  
 []

File: SpaceComm LOGO_Black_ Horizontal 1.png Graphic file (type bmp)
<SpaceComm LOGO_Black_ Horizontal 1.png>
File: CP_8.png Graphic file (type bmp)
<CP_8.png>
File: SpaceComm LOGO_Black_ Horizontal 1.png Graphic file (type bmp)
<SpaceComm LOGO_Black_ Horizontal 1.png>

Overfull \hbox (1.49442pt too wide) has occurred while \output is active
[][] 
 []

[58

]
Overfull \hbox (1.49442pt too wide) in paragraph at lines 961--961
[][]  
 []

File: SpaceComm LOGO_Black_ Horizontal 1.png Graphic file (type bmp)
<SpaceComm LOGO_Black_ Horizontal 1.png>
File: SpaceComm LOGO_Black_ Horizontal 1.png Graphic file (type bmp)
<SpaceComm LOGO_Black_ Horizontal 1.png>

Overfull \hbox (1.49442pt too wide) has occurred while \output is active
[][] 
 []

[59

]
Overfull \hbox (1.49442pt too wide) in paragraph at lines 975--975
[][]  
 []

File: SpaceComm LOGO_Black_ Horizontal 1.png Graphic file (type bmp)
<SpaceComm LOGO_Black_ Horizontal 1.png>
File: SpaceComm LOGO_Black_ Horizontal 1.png Graphic file (type bmp)
<SpaceComm LOGO_Black_ Horizontal 1.png>

Overfull \hbox (1.49442pt too wide) has occurred while \output is active
[][] 
 []

[60

]
Overfull \hbox (1.49442pt too wide) in paragraph at lines 987--987
[][]  
 []

File: SpaceComm LOGO_Black_ Horizontal 1.png Graphic file (type bmp)
<SpaceComm LOGO_Black_ Horizontal 1.png>
File: SpaceComm LOGO_Black_ Horizontal 1.png Graphic file (type bmp)
<SpaceComm LOGO_Black_ Horizontal 1.png>

Overfull \hbox (1.49442pt too wide) has occurred while \output is active
[][] 
 []

[61

]
Overfull \hbox (1.49442pt too wide) in paragraph at lines 1005--1005
[][]  
 []

File: SpaceComm LOGO_Black_ Horizontal 1.png Graphic file (type bmp)
<SpaceComm LOGO_Black_ Horizontal 1.png>

Overfull \vbox (8.07054pt too high) detected at line 1005
 []

File: SpaceComm LOGO_Black_ Horizontal 1.png Graphic file (type bmp)
<SpaceComm LOGO_Black_ Horizontal 1.png>

Overfull \hbox (1.49442pt too wide) has occurred while \output is active
[][] 
 []

[62

]
Overfull \hbox (1.49442pt too wide) in paragraph at lines 1023--1023
[][]  
 []

File: SpaceComm LOGO_Black_ Horizontal 1.png Graphic file (type bmp)
<SpaceComm LOGO_Black_ Horizontal 1.png>
File: SpaceComm LOGO_Black_ Horizontal 1.png Graphic file (type bmp)
<SpaceComm LOGO_Black_ Horizontal 1.png>

Overfull \hbox (1.49442pt too wide) has occurred while \output is active
[][] 
 []

[63

]
Overfull \hbox (1.49442pt too wide) in paragraph at lines 1051--1051
[][]  
 []

File: SpaceComm LOGO_Black_ Horizontal 1.png Graphic file (type bmp)
<SpaceComm LOGO_Black_ Horizontal 1.png>
File: SpaceComm LOGO_Black_ Horizontal 1.png Graphic file (type bmp)
<SpaceComm LOGO_Black_ Horizontal 1.png>

Overfull \hbox (1.49442pt too wide) has occurred while \output is active
[][] 
 []

[64

]
Overfull \hbox (1.49442pt too wide) in paragraph at lines 1067--1067
[][]  
 []

File: SpaceComm LOGO_Black_ Horizontal 1.png Graphic file (type bmp)
<SpaceComm LOGO_Black_ Horizontal 1.png>
File: SpaceComm LOGO_Black_ Horizontal 1.png Graphic file (type bmp)
<SpaceComm LOGO_Black_ Horizontal 1.png>

Overfull \hbox (1.49442pt too wide) has occurred while \output is active
[][] 
 []

[65

]
Overfull \hbox (1.49442pt too wide) in paragraph at lines 1084--1084
[][]  
 []

File: SpaceComm LOGO_Black_ Horizontal 1.png Graphic file (type bmp)
<SpaceComm LOGO_Black_ Horizontal 1.png>
File: SpaceComm LOGO_Black_ Horizontal 1.png Graphic file (type bmp)
<SpaceComm LOGO_Black_ Horizontal 1.png>

Overfull \hbox (1.49442pt too wide) has occurred while \output is active
[][] 
 []

[66

]
Overfull \hbox (1.49442pt too wide) in paragraph at lines 1096--1096
[][]  
 []

File: SpaceComm LOGO_Black_ Horizontal 1.png Graphic file (type bmp)
<SpaceComm LOGO_Black_ Horizontal 1.png>
File: SpaceComm LOGO_Black_ Horizontal 1.png Graphic file (type bmp)
<SpaceComm LOGO_Black_ Horizontal 1.png>

Overfull \hbox (1.49442pt too wide) has occurred while \output is active
[][] 
 []

[67

]
Overfull \hbox (1.49442pt too wide) in paragraph at lines 1114--1114
[][]  
 []

File: SpaceComm LOGO_Black_ Horizontal 1.png Graphic file (type bmp)
<SpaceComm LOGO_Black_ Horizontal 1.png>
File: SpaceComm LOGO_Black_ Horizontal 1.png Graphic file (type bmp)
<SpaceComm LOGO_Black_ Horizontal 1.png>

Overfull \hbox (1.49442pt too wide) has occurred while \output is active
[][] 
 []

[68

]
Overfull \hbox (1.49442pt too wide) in paragraph at lines 1140--1140
[][]  
 []

File: SpaceComm LOGO_Black_ Horizontal 1.png Graphic file (type bmp)
<SpaceComm LOGO_Black_ Horizontal 1.png>
File: SpaceComm LOGO_Black_ Horizontal 1.png Graphic file (type bmp)
<SpaceComm LOGO_Black_ Horizontal 1.png>

Overfull \hbox (1.49442pt too wide) has occurred while \output is active
[][] 
 []

[69

]
Overfull \hbox (1.49442pt too wide) in paragraph at lines 1155--1155
[][]  
 []

File: SpaceComm LOGO_Black_ Horizontal 1.png Graphic file (type bmp)
<SpaceComm LOGO_Black_ Horizontal 1.png>
File: SpaceComm LOGO_Black_ Horizontal 1.png Graphic file (type bmp)
<SpaceComm LOGO_Black_ Horizontal 1.png>

Overfull \hbox (1.49442pt too wide) has occurred while \output is active
[][] 
 []

[70

]
Overfull \hbox (1.49442pt too wide) in paragraph at lines 1173--1173
[][]  
 []

File: SpaceComm LOGO_Black_ Horizontal 1.png Graphic file (type bmp)
<SpaceComm LOGO_Black_ Horizontal 1.png>
File: SpaceComm LOGO_Black_ Horizontal 1.png Graphic file (type bmp)
<SpaceComm LOGO_Black_ Horizontal 1.png>

Overfull \hbox (1.49442pt too wide) has occurred while \output is active
[][] 
 []

[71

]
Overfull \hbox (1.49442pt too wide) in paragraph at lines 1185--1185
[][]  
 []

File: SpaceComm LOGO_Black_ Horizontal 1.png Graphic file (type bmp)
<SpaceComm LOGO_Black_ Horizontal 1.png>
File: ifft_21.jpg Graphic file (type bmp)
<ifft_21.jpg>

Overfull \vbox (6.93599pt too high) detected at line 1185
 []

File: SpaceComm LOGO_Black_ Horizontal 1.png Graphic file (type bmp)
<SpaceComm LOGO_Black_ Horizontal 1.png>

Overfull \hbox (1.49442pt too wide) has occurred while \output is active
[][] 
 []

[72

]
Overfull \hbox (1.49442pt too wide) in paragraph at lines 1214--1214
[][]  
 []

File: SpaceComm LOGO_Black_ Horizontal 1.png Graphic file (type bmp)
<SpaceComm LOGO_Black_ Horizontal 1.png>
File: SpaceComm LOGO_Black_ Horizontal 1.png Graphic file (type bmp)
<SpaceComm LOGO_Black_ Horizontal 1.png>

Overfull \hbox (1.49442pt too wide) has occurred while \output is active
[][] 
 []

[73

]
Overfull \hbox (1.49442pt too wide) in paragraph at lines 1240--1240
[][]  
 []

File: SpaceComm LOGO_Black_ Horizontal 1.png Graphic file (type bmp)
<SpaceComm LOGO_Black_ Horizontal 1.png>
File: SpaceComm LOGO_Black_ Horizontal 1.png Graphic file (type bmp)
<SpaceComm LOGO_Black_ Horizontal 1.png>

Overfull \hbox (1.49442pt too wide) has occurred while \output is active
[][] 
 []

[74

]
\tf@nav=\write6
\openout6 = `main.nav'.

\tf@toc=\write7
\openout7 = `main.toc'.

\tf@snm=\write8
\openout8 = `main.snm'.

 (main.aux)
 ***********
LaTeX2e <2026-06-01>
L3 programming layer <2026/08/07>
 ***********
Package rerunfilecheck Info: File `main.out' has not changed.
(rerunfilecheck)             Checksum: D41D8CD98F00B204E9800998ECF8427E;0.
 ) 
Here is how much of TeX's memory you used:
 28931 strings out of 402620
 623481 string characters out of 5438883
 1048445 words of memory out of 5000000
 57440 multiletter control sequences out of 15000+600000
 640745 words of font info for 116 fonts, out of 8000000 for 9000
 1348 hyphenation exceptions out of 8191
 128i,18n,123p,578b,596s stack positions out of 10000i,1000n,20000p,200000b,200000s

Output written on main.pdf (74 pages).
